Archive member included to satisfy reference by file (symbol)

/opt/homebrew/Cellar/gcc-arm-none-eabi-80/20181220/bin/../lib/gcc/arm-none-eabi/8.2.1/../../../../arm-none-eabi/lib/thumb/v8-m.main+fp/softfp/libm.a(lib_a-wf_sqrt.o)
                              CMakeFiles/smart_card_rp2040.dir/Users/vden/.pico-sdk/sdk/2.2.0/src/rp2_common/pico_float/float_math.c.o (sqrtf)
/opt/homebrew/Cellar/gcc-arm-none-eabi-80/20181220/bin/../lib/gcc/arm-none-eabi/8.2.1/../../../../arm-none-eabi/lib/thumb/v8-m.main+fp/softfp/libm.a(lib_a-ef_sqrt.o)
                              /opt/homebrew/Cellar/gcc-arm-none-eabi-80/20181220/bin/../lib/gcc/arm-none-eabi/8.2.1/../../../../arm-none-eabi/lib/thumb/v8-m.main+fp/softfp/libm.a(lib_a-wf_sqrt.o) (__ieee754_sqrtf)
/opt/homebrew/Cellar/gcc-arm-none-eabi-80/20181220/bin/../lib/gcc/arm-none-eabi/8.2.1/../../../../arm-none-eabi/lib/thumb/v8-m.main+fp/softfp/libm.a(lib_a-s_lib_ver.o)
                              /opt/homebrew/Cellar/gcc-arm-none-eabi-80/20181220/bin/../lib/gcc/arm-none-eabi/8.2.1/../../../../arm-none-eabi/lib/thumb/v8-m.main+fp/softfp/libm.a(lib_a-wf_sqrt.o) (__fdlib_version)
/opt/homebrew/Cellar/gcc-arm-none-eabi-80/20181220/bin/../lib/gcc/arm-none-eabi/8.2.1/../../../../arm-none-eabi/lib/thumb/v8-m.main+fp/softfp/libm.a(lib_a-s_matherr.o)
                              /opt/homebrew/Cellar/gcc-arm-none-eabi-80/20181220/bin/../lib/gcc/arm-none-eabi/8.2.1/../../../../arm-none-eabi/lib/thumb/v8-m.main+fp/softfp/libm.a(lib_a-wf_sqrt.o) (matherr)
/opt/homebrew/Cellar/gcc-arm-none-eabi-80/20181220/bin/../lib/gcc/arm-none-eabi/8.2.1/thumb/v8-m.main+fp/softfp/libgcc.a(_arm_addsubdf3.o)
                              CMakeFiles/smart_card_rp2040.dir/Users/vden/.pico-sdk/sdk/2.2.0/src/rp2_common/pico_float/float_math.c.o (__aeabi_f2d)
/opt/homebrew/Cellar/gcc-arm-none-eabi-80/20181220/bin/../lib/gcc/arm-none-eabi/8.2.1/thumb/v8-m.main+fp/softfp/libgcc.a(_aeabi_ldivmod.o)
                              CMakeFiles/smart_card_rp2040.dir/main.c.o (__aeabi_ldivmod)
/opt/homebrew/Cellar/gcc-arm-none-eabi-80/20181220/bin/../lib/gcc/arm-none-eabi/8.2.1/thumb/v8-m.main+fp/softfp/libgcc.a(_aeabi_uldivmod.o)
                              CMakeFiles/smart_card_rp2040.dir/main.c.o (__aeabi_uldivmod)
/opt/homebrew/Cellar/gcc-arm-none-eabi-80/20181220/bin/../lib/gcc/arm-none-eabi/8.2.1/thumb/v8-m.main+fp/softfp/libgcc.a(_udivmoddi4.o)
                              /opt/homebrew/Cellar/gcc-arm-none-eabi-80/20181220/bin/../lib/gcc/arm-none-eabi/8.2.1/thumb/v8-m.main+fp/softfp/libgcc.a(_aeabi_ldivmod.o) (__udivmoddi4)
/opt/homebrew/Cellar/gcc-arm-none-eabi-80/20181220/bin/../lib/gcc/arm-none-eabi/8.2.1/thumb/v8-m.main+fp/softfp/libgcc.a(_dvmd_tls.o)
                              /opt/homebrew/Cellar/gcc-arm-none-eabi-80/20181220/bin/../lib/gcc/arm-none-eabi/8.2.1/thumb/v8-m.main+fp/softfp/libgcc.a(_aeabi_ldivmod.o) (__aeabi_ldiv0)
/opt/homebrew/Cellar/gcc-arm-none-eabi-80/20181220/bin/../lib/gcc/arm-none-eabi/8.2.1/../../../../arm-none-eabi/lib/thumb/v8-m.main+fp/softfp/libg.a(lib_a-atoi.o)
                              CMakeFiles/smart_card_rp2040.dir/config_console.c.o (atoi)
/opt/homebrew/Cellar/gcc-arm-none-eabi-80/20181220/bin/../lib/gcc/arm-none-eabi/8.2.1/../../../../arm-none-eabi/lib/thumb/v8-m.main+fp/softfp/libg.a(lib_a-calloc.o)
                              CMakeFiles/smart_card_rp2040.dir/Users/vden/.pico-sdk/sdk/2.2.0/src/rp2_common/pico_malloc/malloc.c.o (calloc)
/opt/homebrew/Cellar/gcc-arm-none-eabi-80/20181220/bin/../lib/gcc/arm-none-eabi/8.2.1/../../../../arm-none-eabi/lib/thumb/v8-m.main+fp/softfp/libg.a(lib_a-callocr.o)
                              /opt/homebrew/Cellar/gcc-arm-none-eabi-80/20181220/bin/../lib/gcc/arm-none-eabi/8.2.1/../../../../arm-none-eabi/lib/thumb/v8-m.main+fp/softfp/libg.a(lib_a-calloc.o) (_calloc_r)
/opt/homebrew/Cellar/gcc-arm-none-eabi-80/20181220/bin/../lib/gcc/arm-none-eabi/8.2.1/../../../../arm-none-eabi/lib/thumb/v8-m.main+fp/softfp/libg.a(lib_a-errno.o)
                              /opt/homebrew/Cellar/gcc-arm-none-eabi-80/20181220/bin/../lib/gcc/arm-none-eabi/8.2.1/../../../../arm-none-eabi/lib/thumb/v8-m.main+fp/softfp/libm.a(lib_a-wf_sqrt.o) (__errno)
/opt/homebrew/Cellar/gcc-arm-none-eabi-80/20181220/bin/../lib/gcc/arm-none-eabi/8.2.1/../../../../arm-none-eabi/lib/thumb/v8-m.main+fp/softfp/libg.a(lib_a-impure.o)
                              /opt/homebrew/Cellar/gcc-arm-none-eabi-80/20181220/bin/../lib/gcc/arm-none-eabi/8.2.1/../../../../arm-none-eabi/lib/thumb/v8-m.main+fp/softfp/libg.a(lib_a-calloc.o) (_impure_ptr)
/opt/homebrew/Cellar/gcc-arm-none-eabi-80/20181220/bin/../lib/gcc/arm-none-eabi/8.2.1/../../../../arm-none-eabi/lib/thumb/v8-m.main+fp/softfp/libg.a(lib_a-init.o)
                              /opt/homebrew/Cellar/gcc-arm-none-eabi-80/20181220/bin/../lib/gcc/arm-none-eabi/8.2.1/../../../../arm-none-eabi/lib/thumb/v8-m.main+fp/softfp/crt0.o (__libc_init_array)
[...]
Memory Configuration

Name             Origin             Length             Attributes
FLASH            0x0000000010000000 0x0000000000400000 xr
RAM              0x0000000020000000 0x0000000000080000 xrw
SCRATCH_X        0x0000000020080000 0x0000000000001000 xrw
SCRATCH_Y        0x0000000020081000 0x0000000000001000 xrw
*default*        0x0000000000000000 0xffffffffffffffff

Linker script and memory map

LOAD /opt/homebrew/Cellar/gcc-arm-none-eabi-80/20181220/bin/../lib/gcc/arm-none-eabi/8.2.1/thumb/v8-m.main+fp/softfp/crti.o
LOAD /opt/homebrew/Cellar/gcc-arm-none-eabi-80/20181220/bin/../lib/gcc/arm-none-eabi/8.2.1/thumb/v8-m.main+fp/softfp/crtbegin.o
LOAD /opt/homebrew/Cellar/gcc-arm-none-eabi-80/20181220/bin/../lib/gcc/arm-none-eabi/8.2.1/../../../../arm-none-eabi/lib/thumb/v8-m.main+fp/softfp/crt0.o

.flash_begin    0x0000000010000000        0x0
                0x0000000010000000                __flash_binary_start = .

.text           0x0000000010000000    0x1c834
                0x0000000010000000                __logical_binary_start = .
 *(.vectors)
 .vectors       0x0000000010000000      0x124 CMakeFiles/smart_card_rp2040.dir/Users/vden/.pico-sdk/sdk/2.2.0/src/rp2_common/pico_crt0/crt0.S.o
                0x0000000010000000                __VECTOR_TABLE
                0x0000000010000000                __vectors
                0x0000000010000110                __unhandled_user_irq
                0x0000000010000110                isr_irq49
                0x0000000010000110                isr_irq13
                0x0000000010000110                isr_irq43
                0x0000000010000110                isr_irq45
                0x0000000010000110                isr_irq27
                0x0000000010000110                isr_irq32
                0x0000000010000110                isr_irq31
                0x0000000010000110                isr_irq5
                0x0000000010000110                isr_irq11
                0x0000000010000110                isr_irq23
                0x0000000010000110                isr_usagefault
                0x0000000010000110                isr_irq48
                0x0000000010000110                isr_irq35
                0x0000000010000110                isr_irq18
                0x0000000010000110                isr_irq50
                0x0000000010000110                isr_irq9
                0x0000000010000110                isr_irq30
                0x0000000010000110                isr_irq16
                0x0000000010000110                isr_irq44
                0x0000000010000110                isr_irq29
                0x0000000010000110                isr_irq26
                0x0000000010000110                isr_irq33
                0x0000000010000110                isr_irq3
                0x0000000010000110                isr_irq12
                0x0000000010000110                isr_securefault
                0x0000000010000110                isr_irq40
                0x0000000010000110                isr_irq28
                0x0000000010000110                isr_irq19
                0x0000000010000110                isr_irq36
                0x0000000010000110                isr_irq41
                0x0000000010000110                isr_irq0
                0x0000000010000110                isr_irq6
                0x0000000010000110                isr_memmanage
                0x0000000010000110                isr_irq37
                0x0000000010000110                isr_irq42
                0x0000000010000110                isr_irq22
                0x0000000010000110                isr_irq17
                0x0000000010000110                isr_irq38
                0x0000000010000110                isr_irq14
                0x0000000010000110                __vectors_end
                0x0000000010000110                __default_isrs_start
                0x0000000010000110                isr_irq2
                0x0000000010000110                isr_irq10
                0x0000000010000110                isr_irq8
                0x0000000010000110                isr_debugmonitor
                0x0000000010000110                isr_irq24
                0x0000000010000110                isr_irq46
                0x0000000010000110                isr_irq1
                0x0000000010000110                isr_irq47
                0x0000000010000110                isr_irq51
                0x0000000010000110                isr_irq7
                0x0000000010000110                isr_irq21
                0x0000000010000110                isr_irq39
                0x0000000010000110                isr_irq20
                0x0000000010000110                isr_irq15
                0x0000000010000110                isr_irq25
                0x0000000010000110                isr_irq34
                0x0000000010000110                isr_irq4
                0x0000000010000110                isr_busfault
                0x0000000010000116                unhandled_user_irq_num_in_r0
                0x0000000010000118                isr_invalid
                0x000000001000011a                isr_nmi
                0x000000001000011c                isr_hardfault
                0x000000001000011e                isr_svcall
                0x0000000010000120                isr_pendsv
                0x0000000010000122                isr_systick
                0x0000000010000124                __default_isrs_end
 *(.binary_info_header)
 .binary_info_header
                0x0000000010000124       0x14 CMakeFiles/smart_card_rp2040.dir/Users/vden/.pico-sdk/sdk/2.2.0/src/rp2_common/pico_crt0/crt0.S.o
                0x0000000010000138                __binary_info_header_end = .
 *(.embedded_block)
 .embedded_block
                0x0000000010000138       0x14 CMakeFiles/smart_card_rp2040.dir/Users/vden/.pico-sdk/sdk/2.2.0/src/rp2_common/pico_crt0/crt0.S.o
                0x000000001000014c                __embedded_block_end = .
 *(.reset)
 .reset         0x000000001000014c       0x98 CMakeFiles/smart_card_rp2040.dir/Users/vden/.pico-sdk/sdk/2.2.0/src/rp2_common/pico_crt0/crt0.S.o
                0x000000001000014c                _entry_point
 *(.init)
 .init          0x00000000100001e4        0x4 /opt/homebrew/Cellar/gcc-arm-none-eabi-80/20181220/bin/../lib/gcc/arm-none-eabi/8.2.1/thumb/v8-m.main+fp/softfp/crti.o
                0x00000000100001e4                _init
 *libgcc.a:cmse_nonsecure_call.o()
 *(EXCLUDE_FILE(*libm.a: *libc.a:*lib_a-mem*.o *libgcc.a:) .text*)
 .text          0x00000000100001e8       0x40 /opt/homebrew/Cellar/gcc-arm-none-eabi-80/20181220/bin/../lib/gcc/arm-none-eabi/8.2.1/thumb/v8-m.main+fp/softfp/crtbegin.o
 .text.startup.main
                0x0000000010000228      0x9ac CMakeFiles/smart_card_rp2040.dir/main.c.o
                0x0000000010000228                main
 .text.button_init
                0x0000000010000bd4       0xc0 CMakeFiles/smart_card_rp2040.dir/button.c.o
                0x0000000010000bd4                button_init
 .text.button_held_at_boot
                0x0000000010000c94        0xc CMakeFiles/smart_card_rp2040.dir/button.c.o
                0x0000000010000c94                button_held_at_boot
 .text.button_is_down
                0x0000000010000ca0       0x5c CMakeFiles/smart_card_rp2040.dir/button.c.o
                0x0000000010000ca0                button_is_down
 .text.button_pressed
                0x0000000010000cfc       0xc8 CMakeFiles/smart_card_rp2040.dir/button.c.o
                0x0000000010000cfc                button_pressed
 .text.config_console_send_line
                0x0000000010000dc4       0xb0 CMakeFiles/smart_card_rp2040.dir/config_console.c.o
                0x0000000010000dc4                config_console_send_line
 .text.send_line
                0x0000000010000e74        0x4 CMakeFiles/smart_card_rp2040.dir/config_console.c.o
 .text.demand_button_press
                0x0000000010000e78       0xa8 CMakeFiles/smart_card_rp2040.dir/config_console.c.o
 .text.require_config_authorization
                0x0000000010000f20       0x54 CMakeFiles/smart_card_rp2040.dir/config_console.c.o
 .text.handle_command
                0x0000000010000f74      0x9fc CMakeFiles/smart_card_rp2040.dir/config_console.c.o
 .text.config_console_poll
                0x0000000010001970       0x68 CMakeFiles/smart_card_rp2040.dir/config_console.c.o
                0x0000000010001970                config_console_poll
 .text.config_console_init
                0x00000000100019d8       0x14 CMakeFiles/smart_card_rp2040.dir/config_console.c.o
                0x00000000100019d8                config_console_init
 .text.send_command.constprop.4
                0x00000000100019ec       0x60 CMakeFiles/smart_card_rp2040.dir/fingerprint.c.o
 .text.send_command.constprop.5
                0x0000000010001a4c       0x88 CMakeFiles/smart_card_rp2040.dir/fingerprint.c.o
 .text.send_command.constprop.6
                0x0000000010001ad4       0x80 CMakeFiles/smart_card_rp2040.dir/fingerprint.c.o
 .text.read_ack
                0x0000000010001b54      0x238 CMakeFiles/smart_card_rp2040.dir/fingerprint.c.o
 .text.read_data_stream.constprop.7
                0x0000000010001d8c      0x23c CMakeFiles/smart_card_rp2040.dir/fingerprint.c.o
 .text.read_ack.constprop.3
                0x0000000010001fc8      0x20c CMakeFiles/smart_card_rp2040.dir/fingerprint.c.o
 .text.fingerprint_light.part.1
                0x00000000100021d4       0xa4 CMakeFiles/smart_card_rp2040.dir/fingerprint.c.o
 .text.fingerprint_line_high
                0x0000000010002278       0x18 CMakeFiles/smart_card_rp2040.dir/fingerprint.c.o
                0x0000000010002278                fingerprint_line_high
 .text.fingerprint_line_edges
                0x0000000010002290       0x18 CMakeFiles/smart_card_rp2040.dir/fingerprint.c.o
                0x0000000010002290                fingerprint_line_edges
 .text.fingerprint_line_min_pulse_us
                0x00000000100022a8        0xc CMakeFiles/smart_card_rp2040.dir/fingerprint.c.o
                0x00000000100022a8                fingerprint_line_min_pulse_us
 .text.fingerprint_touch_wired
                0x00000000100022b4        0x4 CMakeFiles/smart_card_rp2040.dir/fingerprint.c.o
                0x00000000100022b4                fingerprint_touch_wired
 .text.fingerprint_touch_asserted
                0x00000000100022b8        0xc CMakeFiles/smart_card_rp2040.dir/fingerprint.c.o
                0x00000000100022b8                fingerprint_touch_asserted
 .text.fingerprint_present
                0x00000000100022c4        0xc CMakeFiles/smart_card_rp2040.dir/fingerprint.c.o
                0x00000000100022c4                fingerprint_present
 .text.fingerprint_template_count
                0x00000000100022d0        0xc CMakeFiles/smart_card_rp2040.dir/fingerprint.c.o
                0x00000000100022d0                fingerprint_template_count
 .text.fingerprint_probe_rx_bytes
                0x00000000100022dc        0xc CMakeFiles/smart_card_rp2040.dir/fingerprint.c.o
                0x00000000100022dc                fingerprint_probe_rx_bytes
 .text.fingerprint_probe_saw_hello
                0x00000000100022e8        0xc CMakeFiles/smart_card_rp2040.dir/fingerprint.c.o
                0x00000000100022e8                fingerprint_probe_saw_hello
 .text.fingerprint_probe_baud
                0x00000000100022f4        0xc CMakeFiles/smart_card_rp2040.dir/fingerprint.c.o
                0x00000000100022f4                fingerprint_probe_baud
 .text.fingerprint_probe
                0x0000000010002300      0x1ec CMakeFiles/smart_card_rp2040.dir/fingerprint.c.o
                0x0000000010002300                fingerprint_probe
 .text.fingerprint_init
                0x00000000100024ec      0x25c CMakeFiles/smart_card_rp2040.dir/fingerprint.c.o
                0x00000000100024ec                fingerprint_init
 .text.fingerprint_boot_rx_bytes
                0x0000000010002748        0xc CMakeFiles/smart_card_rp2040.dir/fingerprint.c.o
                0x0000000010002748                fingerprint_boot_rx_bytes
 .text.fingerprint_boot_saw_hello
                0x0000000010002754        0xc CMakeFiles/smart_card_rp2040.dir/fingerprint.c.o
                0x0000000010002754                fingerprint_boot_saw_hello
 .text.fingerprint_finger_down
                0x0000000010002760       0x18 CMakeFiles/smart_card_rp2040.dir/fingerprint.c.o
                0x0000000010002760                fingerprint_finger_down
 .text.fingerprint_verify
                0x0000000010002778      0x158 CMakeFiles/smart_card_rp2040.dir/fingerprint.c.o
                0x0000000010002778                fingerprint_verify
 .text.fingerprint_enroll
                0x00000000100028d0      0x21c CMakeFiles/smart_card_rp2040.dir/fingerprint.c.o
                0x00000000100028d0                fingerprint_enroll
 .text.fingerprint_erase_all
                0x0000000010002aec       0x30 CMakeFiles/smart_card_rp2040.dir/fingerprint.c.o
                0x0000000010002aec                fingerprint_erase_all
 .text.fingerprint_light
                0x0000000010002b1c       0xb4 CMakeFiles/smart_card_rp2040.dir/fingerprint.c.o
                0x0000000010002b1c                fingerprint_light
 .text.fingerprint_status_text
                0x0000000010002bd0       0x34 CMakeFiles/smart_card_rp2040.dir/fingerprint.c.o
                0x0000000010002bd0                fingerprint_status_text
 .text.fingerprint_read_info_page
                0x0000000010002c04       0x40 CMakeFiles/smart_card_rp2040.dir/fingerprint.c.o
                0x0000000010002c04                fingerprint_read_info_page
 .text.fingerprint_chip_serial
                0x0000000010002c44       0x64 CMakeFiles/smart_card_rp2040.dir/fingerprint.c.o
                0x0000000010002c44                fingerprint_chip_serial
 .text.fingerprint_read_info
                0x0000000010002ca8      0x144 CMakeFiles/smart_card_rp2040.dir/fingerprint.c.o
                0x0000000010002ca8                fingerprint_read_info
 .text.identity_rng
                0x0000000010002dec       0x5c CMakeFiles/smart_card_rp2040.dir/identity.c.o
 .text.generate_slot.isra.0
                0x0000000010002e48      0x204 CMakeFiles/smart_card_rp2040.dir/identity.c.o
 .text.identity_common_name
                0x000000001000304c       0x6c CMakeFiles/smart_card_rp2040.dir/identity.c.o
                0x000000001000304c                identity_common_name
 .text.identity_generate
                0x00000000100030b8       0xdc CMakeFiles/smart_card_rp2040.dir/identity.c.o
                0x00000000100030b8                identity_generate
 .text.note_challenge
                0x0000000010003194       0x3c CMakeFiles/smart_card_rp2040.dir/piv.c.o
 .text.piv_rng  0x00000000100031d0       0x5c CMakeFiles/smart_card_rp2040.dir/piv.c.o
 .text.decode_pem_cert.constprop.6
                0x000000001000322c       0x7c CMakeFiles/smart_card_rp2040.dir/piv.c.o
 .text.respond_dynamic_auth
                0x00000000100032a8       0xf4 CMakeFiles/smart_card_rp2040.dir/piv.c.o
 .text.respond_maybe_chunked
                0x000000001000339c       0xe4 CMakeFiles/smart_card_rp2040.dir/piv.c.o
 .text.respond_certificate
                0x0000000010003480      0x164 CMakeFiles/smart_card_rp2040.dir/piv.c.o
 .text.tlv_find_one
                0x00000000100035e4       0x68 CMakeFiles/smart_card_rp2040.dir/piv.c.o
 .text.piv_key_source_name
                0x000000001000364c        0xc CMakeFiles/smart_card_rp2040.dir/piv.c.o
                0x000000001000364c                piv_key_source_name
 .text.piv_key_parse_error
                0x0000000010003658        0xc CMakeFiles/smart_card_rp2040.dir/piv.c.o
                0x0000000010003658                piv_key_parse_error
 .text.piv_algorithm_name
                0x0000000010003664       0x30 CMakeFiles/smart_card_rp2040.dir/piv.c.o
                0x0000000010003664                piv_algorithm_name
 .text.piv_has_identity
                0x0000000010003694       0x10 CMakeFiles/smart_card_rp2040.dir/piv.c.o
                0x0000000010003694                piv_has_identity
 .text.piv_private_aid_selected
                0x00000000100036a4        0xc CMakeFiles/smart_card_rp2040.dir/piv.c.o
                0x00000000100036a4                piv_private_aid_selected
 .text.piv_upgrade_requested_ms
                0x00000000100036b0        0xc CMakeFiles/smart_card_rp2040.dir/piv.c.o
                0x00000000100036b0                piv_upgrade_requested_ms
 .text.piv_note_pin_verified
                0x00000000100036bc       0x3c CMakeFiles/smart_card_rp2040.dir/piv.c.o
                0x00000000100036bc                piv_note_pin_verified
 .text.piv_set_presence_source
                0x00000000100036f8        0xc CMakeFiles/smart_card_rp2040.dir/piv.c.o
                0x00000000100036f8                piv_set_presence_source
 .text.piv_note_user_presence
                0x0000000010003704       0xa0 CMakeFiles/smart_card_rp2040.dir/piv.c.o
                0x0000000010003704                piv_note_user_presence
 .text.piv_auth_key
                0x00000000100037a4       0x18 CMakeFiles/smart_card_rp2040.dir/piv.c.o
                0x00000000100037a4                piv_auth_key
 .text.piv_recent_signature
                0x00000000100037bc       0x48 CMakeFiles/smart_card_rp2040.dir/piv.c.o
                0x00000000100037bc                piv_recent_signature
 .text.piv_set_pairing_mode
                0x0000000010003804       0x44 CMakeFiles/smart_card_rp2040.dir/piv.c.o
                0x0000000010003804                piv_set_pairing_mode
 .text.piv_pairing_mode_active
                0x0000000010003848       0x4c CMakeFiles/smart_card_rp2040.dir/piv.c.o
                0x0000000010003848                piv_pairing_mode_active
 .text.piv_init
                0x0000000010003894      0x28c CMakeFiles/smart_card_rp2040.dir/piv.c.o
                0x0000000010003894                piv_init
 .text.piv_benchmark_sign
                0x0000000010003b20       0xb8 CMakeFiles/smart_card_rp2040.dir/piv.c.o
                0x0000000010003b20                piv_benchmark_sign
 .text.piv_reload_keys
                0x0000000010003bd8       0x2c CMakeFiles/smart_card_rp2040.dir/piv.c.o
                0x0000000010003bd8                piv_reload_keys
 .text.piv_handle_apdu
                0x0000000010003c04      0xf28 CMakeFiles/smart_card_rp2040.dir/piv.c.o
                0x0000000010003c04                piv_handle_apdu
 .text.status_led_init
                0x0000000010004b2c        0x4 CMakeFiles/smart_card_rp2040.dir/status_led.c.o
                0x0000000010004b2c                status_led_init
 .text.status_led_update
                0x0000000010004b30        0x4 CMakeFiles/smart_card_rp2040.dir/status_led.c.o
                0x0000000010004b30                status_led_update
 .text.settings_init
                0x0000000010004b34      0x304 CMakeFiles/smart_card_rp2040.dir/settings.c.o
                0x0000000010004b34                settings_init
 .text.settings_aid_mode
                0x0000000010004e38        0xc CMakeFiles/smart_card_rp2040.dir/settings.c.o
                0x0000000010004e38                settings_aid_mode
 .text.settings_set_aid_mode
                0x0000000010004e44      0x64c CMakeFiles/smart_card_rp2040.dir/settings.c.o
                0x0000000010004e44                settings_set_aid_mode
 .text.settings_reset
                0x0000000010005490       0x28 CMakeFiles/smart_card_rp2040.dir/settings.c.o
                0x0000000010005490                settings_reset
 .text.settings_aid_mode_name
                0x00000000100054b8       0x18 CMakeFiles/smart_card_rp2040.dir/settings.c.o
                0x00000000100054b8                settings_aid_mode_name
 .text.record_crc
                0x00000000100054d0      0x234 CMakeFiles/smart_card_rp2040.dir/storage.c.o
 .text.storage_init
                0x0000000010005704      0x2a8 CMakeFiles/smart_card_rp2040.dir/storage.c.o
                0x0000000010005704                storage_init
 .text.storage_loaded
                0x00000000100059ac        0xc CMakeFiles/smart_card_rp2040.dir/storage.c.o
                0x00000000100059ac                storage_loaded
 .text.storage_get
                0x00000000100059b8       0x24 CMakeFiles/smart_card_rp2040.dir/storage.c.o
                0x00000000100059b8                storage_get
 .text.storage_stage_reset
                0x00000000100059dc       0x20 CMakeFiles/smart_card_rp2040.dir/storage.c.o
                0x00000000100059dc                storage_stage_reset
 .text.storage_stage_append
                0x00000000100059fc       0x48 CMakeFiles/smart_card_rp2040.dir/storage.c.o
                0x00000000100059fc                storage_stage_append
 .text.storage_stage_commit
                0x0000000010005a44       0xec CMakeFiles/smart_card_rp2040.dir/storage.c.o
                0x0000000010005a44                storage_stage_commit
 .text.storage_erase
                0x0000000010005b30       0x44 CMakeFiles/smart_card_rp2040.dir/storage.c.o
                0x0000000010005b30                storage_erase
 .text.storage_slot_by_name
                0x0000000010005b74       0x4c CMakeFiles/smart_card_rp2040.dir/storage.c.o
                0x0000000010005b74                storage_slot_by_name
 .text.trace_apdu
                0x0000000010005bc0       0xc8 CMakeFiles/smart_card_rp2040.dir/trace.c.o
                0x0000000010005bc0                trace_apdu
 .text.trace_ccid
                0x0000000010005c88      0x130 CMakeFiles/smart_card_rp2040.dir/trace.c.o
                0x0000000010005c88                trace_ccid
 .text.trace_event
                0x0000000010005db8       0x94 CMakeFiles/smart_card_rp2040.dir/trace.c.o
                0x0000000010005db8                trace_event
 .text.trace_clear
                0x0000000010005e4c       0x14 CMakeFiles/smart_card_rp2040.dir/trace.c.o
                0x0000000010005e4c                trace_clear
 .text.trace_dump
                0x0000000010005e60      0x118 CMakeFiles/smart_card_rp2040.dir/trace.c.o
                0x0000000010005e60                trace_dump
 .text.ccid_init
                0x0000000010005f78        0x4 CMakeFiles/smart_card_rp2040.dir/usb_ccid.c.o
 .text.ccid_reset
                0x0000000010005f7c        0x4 CMakeFiles/smart_card_rp2040.dir/usb_ccid.c.o
 .text.ccid_control_xfer_cb
                0x0000000010005f80        0x4 CMakeFiles/smart_card_rp2040.dir/usb_ccid.c.o
 .text.ccid_open
                0x0000000010005f84       0x40 CMakeFiles/smart_card_rp2040.dir/usb_ccid.c.o
 .text.ccid_xfer_cb
                0x0000000010005fc4      0x344 CMakeFiles/smart_card_rp2040.dir/usb_ccid.c.o
 .text.usb_ccid_pin_pending
                0x0000000010006308        0xc CMakeFiles/smart_card_rp2040.dir/usb_ccid.c.o
                0x0000000010006308                usb_ccid_pin_pending
 .text.usb_ccid_pin_complete
                0x0000000010006314       0x88 CMakeFiles/smart_card_rp2040.dir/usb_ccid.c.o
                0x0000000010006314                usb_ccid_pin_complete
 .text.usb_ccid_pin_tick
                0x000000001000639c       0xe0 CMakeFiles/smart_card_rp2040.dir/usb_ccid.c.o
                0x000000001000639c                usb_ccid_pin_tick
 .text.usbd_app_driver_get_cb
                0x000000001000647c        0xc CMakeFiles/smart_card_rp2040.dir/usb_ccid.c.o
                0x000000001000647c                usbd_app_driver_get_cb
 .text.usb_ccid_start
                0x0000000010006488       0x1c CMakeFiles/smart_card_rp2040.dir/usb_ccid.c.o
                0x0000000010006488                usb_ccid_start
 .text.usb_ccid_powered_ms
                0x00000000100064a4        0xc CMakeFiles/smart_card_rp2040.dir/usb_ccid.c.o
                0x00000000100064a4                usb_ccid_powered_ms
 .text.smart_card_init_serial
                0x00000000100064b0       0x44 CMakeFiles/smart_card_rp2040.dir/usb_descriptors.c.o
                0x00000000100064b0                smart_card_init_serial
 .text.tud_descriptor_device_cb
                0x00000000100064f4        0x8 CMakeFiles/smart_card_rp2040.dir/usb_descriptors.c.o
                0x00000000100064f4                tud_descriptor_device_cb
 .text.tud_descriptor_configuration_cb
                0x00000000100064fc        0x8 CMakeFiles/smart_card_rp2040.dir/usb_descriptors.c.o
                0x00000000100064fc                tud_descriptor_configuration_cb
 .text.tud_descriptor_string_cb
                0x0000000010006504       0x68 CMakeFiles/smart_card_rp2040.dir/usb_descriptors.c.o
                0x0000000010006504                tud_descriptor_string_cb
 .text.usb_hid_type_line
                0x000000001000656c      0x2b0 CMakeFiles/smart_card_rp2040.dir/usb_hid.c.o
                0x000000001000656c                usb_hid_type_line
 .text.tud_hid_descriptor_report_cb
                0x000000001000681c        0x8 CMakeFiles/smart_card_rp2040.dir/usb_hid.c.o
                0x000000001000681c                tud_hid_descriptor_report_cb
 .text.tud_hid_get_report_cb
                0x0000000010006824        0x4 CMakeFiles/smart_card_rp2040.dir/usb_hid.c.o
                0x0000000010006824                tud_hid_get_report_cb
 .text.tud_hid_set_report_cb
                0x0000000010006828        0x4 CMakeFiles/smart_card_rp2040.dir/usb_hid.c.o
                0x0000000010006828                tud_hid_set_report_cb
 .text.gpio_set_function
                0x000000001000682c       0x38 CMakeFiles/smart_card_rp2040.dir/Users/vden/.pico-sdk/sdk/2.2.0/src/rp2_common/hardware_gpio/gpio.c.o
                0x000000001000682c                gpio_set_function
 .text.gpio_set_pulls
                0x0000000010006864       0x30 CMakeFiles/smart_card_rp2040.dir/Users/vden/.pico-sdk/sdk/2.2.0/src/rp2_common/hardware_gpio/gpio.c.o
                0x0000000010006864                gpio_set_pulls
 .text.gpio_init
                0x0000000010006894       0x44 CMakeFiles/smart_card_rp2040.dir/Users/vden/.pico-sdk/sdk/2.2.0/src/rp2_common/hardware_gpio/gpio.c.o
                0x0000000010006894                gpio_init
 .text.panic    0x00000000100068d8       0x30 CMakeFiles/smart_card_rp2040.dir/Users/vden/.pico-sdk/sdk/2.2.0/src/rp2_common/pico_platform_panic/panic.c.o
                0x00000000100068d8                panic
 .text.hw_claim_or_assert
                0x0000000010006908       0x4c CMakeFiles/smart_card_rp2040.dir/Users/vden/.pico-sdk/sdk/2.2.0/src/common/hardware_claim/claim.c.o
                0x0000000010006908                hw_claim_or_assert
 .text.hw_claim_unused_from_range
                0x0000000010006954       0x8c CMakeFiles/smart_card_rp2040.dir/Users/vden/.pico-sdk/sdk/2.2.0/src/common/hardware_claim/claim.c.o
                0x0000000010006954                hw_claim_unused_from_range
 .text.next_striped_spin_lock_num
                0x00000000100069e0       0x18 CMakeFiles/smart_card_rp2040.dir/Users/vden/.pico-sdk/sdk/2.2.0/src/rp2_common/hardware_sync/sync.c.o
                0x00000000100069e0                next_striped_spin_lock_num
 .text.spin_lock_claim_unused
                0x00000000100069f8       0x24 CMakeFiles/smart_card_rp2040.dir/Users/vden/.pico-sdk/sdk/2.2.0/src/rp2_common/hardware_sync/sync.c.o
                0x00000000100069f8                spin_lock_claim_unused
 .text.spinlock_set_extexclall
                0x0000000010006a1c       0x10 CMakeFiles/smart_card_rp2040.dir/Users/vden/.pico-sdk/sdk/2.2.0/src/rp2_common/hardware_sync_spin_lock/sync_spin_lock.c.o
 .text.spin_locks_reset
                0x0000000010006a2c       0x18 CMakeFiles/smart_card_rp2040.dir/Users/vden/.pico-sdk/sdk/2.2.0/src/rp2_common/hardware_sync_spin_lock/sync_spin_lock.c.o
                0x0000000010006a2c                spin_locks_reset
 .text.runtime_init_per_core_irq_priorities
                0x0000000010006a44       0x44 CMakeFiles/smart_card_rp2040.dir/Users/vden/.pico-sdk/sdk/2.2.0/src/rp2_common/hardware_irq/irq.c.o
                0x0000000010006a44                runtime_init_per_core_irq_priorities
 .text.irq_set_enabled
                0x0000000010006a88       0x2c CMakeFiles/smart_card_rp2040.dir/Users/vden/.pico-sdk/sdk/2.2.0/src/rp2_common/hardware_irq/irq.c.o
                0x0000000010006a88                irq_set_enabled
 .text.irq_set_exclusive_handler
                0x0000000010006ab4       0x60 CMakeFiles/smart_card_rp2040.dir/Users/vden/.pico-sdk/sdk/2.2.0/src/rp2_common/hardware_irq/irq.c.o
                0x0000000010006ab4                irq_set_exclusive_handler
 .text.irq_add_shared_handler
                0x0000000010006b14      0x200 CMakeFiles/smart_card_rp2040.dir/Users/vden/.pico-sdk/sdk/2.2.0/src/rp2_common/hardware_irq/irq.c.o
                0x0000000010006b14                irq_add_shared_handler
 .text.irq_remove_handler
                0x0000000010006d14      0x1e4 CMakeFiles/smart_card_rp2040.dir/Users/vden/.pico-sdk/sdk/2.2.0/src/rp2_common/hardware_irq/irq.c.o
                0x0000000010006d14                irq_remove_handler
 .text.irq_add_tail_to_free_list
                0x0000000010006ef8       0xbc CMakeFiles/smart_card_rp2040.dir/Users/vden/.pico-sdk/sdk/2.2.0/src/rp2_common/hardware_irq/irq.c.o
                0x0000000010006ef8                irq_add_tail_to_free_list
 .text.lock_init
                0x0000000010006fb4        0xc CMakeFiles/smart_card_rp2040.dir/Users/vden/.pico-sdk/sdk/2.2.0/src/common/pico_sync/lock_core.c.o
                0x0000000010006fb4                lock_init
 .text.runtime_init_mutex
                0x0000000010006fc0       0x64 CMakeFiles/smart_card_rp2040.dir/Users/vden/.pico-sdk/sdk/2.2.0/src/common/pico_sync/mutex.c.o
                0x0000000010006fc0                runtime_init_mutex
 .text.mutex_init
                0x0000000010007024       0x1c CMakeFiles/smart_card_rp2040.dir/Users/vden/.pico-sdk/sdk/2.2.0/src/common/pico_sync/mutex.c.o
                0x0000000010007024                mutex_init
 .text.critical_section_init
                0x0000000010007040       0x1c CMakeFiles/smart_card_rp2040.dir/Users/vden/.pico-sdk/sdk/2.2.0/src/common/pico_sync/critical_section.c.o
                0x0000000010007040                critical_section_init
 .text.sleep_until_callback
                0x000000001000705c       0x40 CMakeFiles/smart_card_rp2040.dir/Users/vden/.pico-sdk/sdk/2.2.0/src/common/pico_time/time.c.o
 .text.alarm_pool_irq_handler
                0x000000001000709c      0x38c CMakeFiles/smart_card_rp2040.dir/Users/vden/.pico-sdk/sdk/2.2.0/src/common/pico_time/time.c.o
 .text.runtime_init_default_alarm_pool
                0x0000000010007428      0x108 CMakeFiles/smart_card_rp2040.dir/Users/vden/.pico-sdk/sdk/2.2.0/src/common/pico_time/time.c.o
                0x0000000010007428                runtime_init_default_alarm_pool
 .text.alarm_pool_add_alarm_at_force_in_context
                0x0000000010007530       0xc4 CMakeFiles/smart_card_rp2040.dir/Users/vden/.pico-sdk/sdk/2.2.0/src/common/pico_time/time.c.o
                0x0000000010007530                alarm_pool_add_alarm_at_force_in_context
 .text.alarm_pool_cancel_alarm
                0x00000000100075f4       0x7c CMakeFiles/smart_card_rp2040.dir/Users/vden/.pico-sdk/sdk/2.2.0/src/common/pico_time/time.c.o
                0x00000000100075f4                alarm_pool_cancel_alarm
 .text.sleep_until
                0x0000000010007670       0xe4 CMakeFiles/smart_card_rp2040.dir/Users/vden/.pico-sdk/sdk/2.2.0/src/common/pico_time/time.c.o
                0x0000000010007670                sleep_until
 .text.sleep_us
                0x0000000010007754       0x2c CMakeFiles/smart_card_rp2040.dir/Users/vden/.pico-sdk/sdk/2.2.0/src/common/pico_time/time.c.o
                0x0000000010007754                sleep_us
 .text.sleep_ms
                0x0000000010007780       0x28 CMakeFiles/smart_card_rp2040.dir/Users/vden/.pico-sdk/sdk/2.2.0/src/common/pico_time/time.c.o
                0x0000000010007780                sleep_ms
 .text.best_effort_wfe_or_timeout
                0x00000000100077a8       0xfc CMakeFiles/smart_card_rp2040.dir/Users/vden/.pico-sdk/sdk/2.2.0/src/common/pico_time/time.c.o
                0x00000000100077a8                best_effort_wfe_or_timeout
 .text.timer_hardware_alarm_claim
                0x00000000100078a4       0x24 CMakeFiles/smart_card_rp2040.dir/Users/vden/.pico-sdk/sdk/2.2.0/src/rp2_common/hardware_timer/timer.c.o
                0x00000000100078a4                timer_hardware_alarm_claim
 .text.timer_time_us_64
                0x00000000100078c8       0x14 CMakeFiles/smart_card_rp2040.dir/Users/vden/.pico-sdk/sdk/2.2.0/src/rp2_common/hardware_timer/timer.c.o
                0x00000000100078c8                timer_time_us_64
 .text.time_us_64
                0x00000000100078dc       0x18 CMakeFiles/smart_card_rp2040.dir/Users/vden/.pico-sdk/sdk/2.2.0/src/rp2_common/hardware_timer/timer.c.o
                0x00000000100078dc                time_us_64
 .text.busy_wait_us
                0x00000000100078f4       0x68 CMakeFiles/smart_card_rp2040.dir/Users/vden/.pico-sdk/sdk/2.2.0/src/rp2_common/hardware_timer/timer.c.o
                0x00000000100078f4                busy_wait_us
 .text.busy_wait_until
                0x000000001000795c       0x28 CMakeFiles/smart_card_rp2040.dir/Users/vden/.pico-sdk/sdk/2.2.0/src/rp2_common/hardware_timer/timer.c.o
                0x000000001000795c                busy_wait_until
 .text.uart_init
                0x0000000010007984      0x104 CMakeFiles/smart_card_rp2040.dir/Users/vden/.pico-sdk/sdk/2.2.0/src/rp2_common/hardware_uart/uart.c.o
                0x0000000010007984                uart_init
 .text.uart_set_baudrate
                0x0000000010007a88       0x9c CMakeFiles/smart_card_rp2040.dir/Users/vden/.pico-sdk/sdk/2.2.0/src/rp2_common/hardware_uart/uart.c.o
                0x0000000010007a88                uart_set_baudrate
 .text.uart_set_format
                0x0000000010007b24       0x6c CMakeFiles/smart_card_rp2040.dir/Users/vden/.pico-sdk/sdk/2.2.0/src/rp2_common/hardware_uart/uart.c.o
                0x0000000010007b24                uart_set_format
 .text.uart_set_fifo_enabled
                0x0000000010007b90       0x5c CMakeFiles/smart_card_rp2040.dir/Users/vden/.pico-sdk/sdk/2.2.0/src/rp2_common/hardware_uart/uart.c.o
                0x0000000010007b90                uart_set_fifo_enabled
 .text.clock_configure_undivided
                0x0000000010007bec       0xf0 CMakeFiles/smart_card_rp2040.dir/Users/vden/.pico-sdk/sdk/2.2.0/src/rp2_common/hardware_clocks/clocks.c.o
                0x0000000010007bec                clock_configure_undivided
 .text.clock_get_hz
                0x0000000010007cdc        0xc CMakeFiles/smart_card_rp2040.dir/Users/vden/.pico-sdk/sdk/2.2.0/src/rp2_common/hardware_clocks/clocks.c.o
                0x0000000010007cdc                clock_get_hz
 .text.pll_init
                0x0000000010007ce8       0x8c CMakeFiles/smart_card_rp2040.dir/Users/vden/.pico-sdk/sdk/2.2.0/src/rp2_common/hardware_pll/pll.c.o
                0x0000000010007ce8                pll_init
 .text.watchdog_reboot
                0x0000000010007d74       0x9c CMakeFiles/smart_card_rp2040.dir/Users/vden/.pico-sdk/sdk/2.2.0/src/rp2_common/hardware_watchdog/watchdog.c.o
                0x0000000010007d74                watchdog_reboot
 .text.tick_start
                0x0000000010007e10       0x18 CMakeFiles/smart_card_rp2040.dir/Users/vden/.pico-sdk/sdk/2.2.0/src/rp2_common/hardware_ticks/ticks.c.o
                0x0000000010007e10                tick_start
 .text.rom_reboot.constprop.1
                0x0000000010007e28       0x34 CMakeFiles/smart_card_rp2040.dir/Users/vden/.pico-sdk/sdk/2.2.0/src/rp2_common/pico_bootrom/bootrom.c.o
 .text.rom_func_lookup
                0x0000000010007e5c       0x18 CMakeFiles/smart_card_rp2040.dir/Users/vden/.pico-sdk/sdk/2.2.0/src/rp2_common/pico_bootrom/bootrom.c.o
                0x0000000010007e5c                rom_func_lookup
 .text.rom_reset_usb_boot
                0x0000000010007e74       0x1c CMakeFiles/smart_card_rp2040.dir/Users/vden/.pico-sdk/sdk/2.2.0/src/rp2_common/pico_bootrom/bootrom.c.o
                0x0000000010007e74                rom_reset_usb_boot
 .text.rom_reset_usb_boot_extra
                0x0000000010007e90       0x1c CMakeFiles/smart_card_rp2040.dir/Users/vden/.pico-sdk/sdk/2.2.0/src/rp2_common/pico_bootrom/bootrom.c.o
                0x0000000010007e90                rom_reset_usb_boot_extra
 .text.rom_get_boot_random
                0x0000000010007eac       0x44 CMakeFiles/smart_card_rp2040.dir/Users/vden/.pico-sdk/sdk/2.2.0/src/rp2_common/pico_bootrom/bootrom.c.o
                0x0000000010007eac                rom_get_boot_random
 .text.runtime_init_bootrom_locking_enable
                0x0000000010007ef0       0x14 CMakeFiles/smart_card_rp2040.dir/Users/vden/.pico-sdk/sdk/2.2.0/src/rp2_common/pico_bootrom/bootrom_lock.c.o
                0x0000000010007ef0                runtime_init_bootrom_locking_enable
 .text.runtime_init_boot_locks_reset
                0x0000000010007f04       0x1c CMakeFiles/smart_card_rp2040.dir/Users/vden/.pico-sdk/sdk/2.2.0/src/rp2_common/hardware_boot_lock/boot_lock.c.o
                0x0000000010007f04                runtime_init_boot_locks_reset
 .text.xosc_init
                0x0000000010007f20       0x30 CMakeFiles/smart_card_rp2040.dir/Users/vden/.pico-sdk/sdk/2.2.0/src/rp2_common/hardware_xosc/xosc.c.o
                0x0000000010007f20                xosc_init
 .text.first_per_core_initializer
                0x0000000010007f50        0x4 CMakeFiles/smart_card_rp2040.dir/Users/vden/.pico-sdk/sdk/2.2.0/src/rp2_common/pico_runtime/runtime.c.o
 .text.hard_assertion_failure
                0x0000000010007f54        0xc CMakeFiles/smart_card_rp2040.dir/Users/vden/.pico-sdk/sdk/2.2.0/src/rp2_common/pico_runtime/runtime.c.o
                0x0000000010007f54                hard_assertion_failure
 .text.runtime_run_initializers
                0x0000000010007f60       0x2c CMakeFiles/smart_card_rp2040.dir/Users/vden/.pico-sdk/sdk/2.2.0/src/rp2_common/pico_runtime/runtime.c.o
                0x0000000010007f60                runtime_run_initializers
 .text.runtime_init_early_resets
                0x0000000010007f8c       0x34 CMakeFiles/smart_card_rp2040.dir/Users/vden/.pico-sdk/sdk/2.2.0/src/rp2_common/pico_runtime_init/runtime_init.c.o
                0x0000000010007f8c                runtime_init_early_resets
 .text.runtime_init_usb_power_down
                0x0000000010007fc0       0x1c CMakeFiles/smart_card_rp2040.dir/Users/vden/.pico-sdk/sdk/2.2.0/src/rp2_common/pico_runtime_init/runtime_init.c.o
                0x0000000010007fc0                runtime_init_usb_power_down
 .text.runtime_init_per_core_enable_coprocessors
                0x0000000010007fdc       0x1c CMakeFiles/smart_card_rp2040.dir/Users/vden/.pico-sdk/sdk/2.2.0/src/rp2_common/pico_runtime_init/runtime_init.c.o
                0x0000000010007fdc                runtime_init_per_core_enable_coprocessors
 .text.runtime_init_post_clock_resets
                0x0000000010007ff8       0x20 CMakeFiles/smart_card_rp2040.dir/Users/vden/.pico-sdk/sdk/2.2.0/src/rp2_common/pico_runtime_init/runtime_init.c.o
                0x0000000010007ff8                runtime_init_post_clock_resets
 .text.runtime_init_bootrom_reset
                0x0000000010008018       0x14 CMakeFiles/smart_card_rp2040.dir/Users/vden/.pico-sdk/sdk/2.2.0/src/rp2_common/pico_runtime_init/runtime_init.c.o
                0x0000000010008018                runtime_init_bootrom_reset
 .text.runtime_init_per_core_bootrom_reset
                0x000000001000802c       0x14 CMakeFiles/smart_card_rp2040.dir/Users/vden/.pico-sdk/sdk/2.2.0/src/rp2_common/pico_runtime_init/runtime_init.c.o
                0x000000001000802c                runtime_init_per_core_bootrom_reset
 .text.runtime_init_spin_locks_reset
                0x0000000010008040        0x4 CMakeFiles/smart_card_rp2040.dir/Users/vden/.pico-sdk/sdk/2.2.0/src/rp2_common/pico_runtime_init/runtime_init.c.o
                0x0000000010008040                runtime_init_spin_locks_reset
 .text.runtime_init_install_ram_vector_table
                0x0000000010008044       0xb4 CMakeFiles/smart_card_rp2040.dir/Users/vden/.pico-sdk/sdk/2.2.0/src/rp2_common/pico_runtime_init/runtime_init.c.o
                0x0000000010008044                runtime_init_install_ram_vector_table
 .text.runtime_init_clocks
                0x00000000100080f8       0xe4 CMakeFiles/smart_card_rp2040.dir/Users/vden/.pico-sdk/sdk/2.2.0/src/rp2_common/pico_runtime_init/runtime_init_clocks.c.o
                0x00000000100080f8                runtime_init_clocks
 .text.__rp2350_dcp_engaged_state_save_restore
                0x00000000100081dc       0x3a CMakeFiles/smart_card_rp2040.dir/Users/vden/.pico-sdk/sdk/2.2.0/src/rp2_common/pico_double/double_aeabi_dcp.S.o
 *fill*         0x0000000010008216        0x2 
 .text.__wrap___aeabi_dadd
                0x0000000010008218       0x28 CMakeFiles/smart_card_rp2040.dir/Users/vden/.pico-sdk/sdk/2.2.0/src/rp2_common/pico_double/double_aeabi_dcp.S.o
                0x0000000010008220                __wrap___aeabi_dadd
 .text.__wrap___aeabi_dsub
                0x0000000010008240       0x28 CMakeFiles/smart_card_rp2040.dir/Users/vden/.pico-sdk/sdk/2.2.0/src/rp2_common/pico_double/double_aeabi_dcp.S.o
                0x0000000010008248                __wrap___aeabi_dsub
 .text.__wrap___aeabi_dmul
                0x0000000010008268       0x4c CMakeFiles/smart_card_rp2040.dir/Users/vden/.pico-sdk/sdk/2.2.0/src/rp2_common/pico_double/double_aeabi_dcp.S.o
                0x0000000010008270                __wrap___aeabi_dmul
 .text.__wrap___aeabi_ddiv
                0x00000000100082b4       0x9c CMakeFiles/smart_card_rp2040.dir/Users/vden/.pico-sdk/sdk/2.2.0/src/rp2_common/pico_double/double_aeabi_dcp.S.o
                0x00000000100082bc                __wrap___aeabi_ddiv
 .text.__wrap___aeabi_i2d
                0x0000000010008350       0x24 CMakeFiles/smart_card_rp2040.dir/Users/vden/.pico-sdk/sdk/2.2.0/src/rp2_common/pico_double/double_aeabi_dcp.S.o
                0x0000000010008358                __wrap___aeabi_i2d
                0x0000000010008358                int2double
 .text.__wrap___aeabi_ui2d
                0x0000000010008374       0x24 CMakeFiles/smart_card_rp2040.dir/Users/vden/.pico-sdk/sdk/2.2.0/src/rp2_common/pico_double/double_aeabi_dcp.S.o
                0x000000001000837c                __wrap___aeabi_ui2d
                0x000000001000837c                uint2double
 .text.__wrap___aeabi_d2iz
                0x0000000010008398       0x24 CMakeFiles/smart_card_rp2040.dir/Users/vden/.pico-sdk/sdk/2.2.0/src/rp2_common/pico_double/double_aeabi_dcp.S.o
                0x00000000100083a0                __wrap___aeabi_d2iz
                0x00000000100083a0                double2int_z
 .text.__wrap___aeabi_d2uiz
                0x00000000100083bc       0x24 CMakeFiles/smart_card_rp2040.dir/Users/vden/.pico-sdk/sdk/2.2.0/src/rp2_common/pico_double/double_aeabi_dcp.S.o
                0x00000000100083c4                double2uint_z
                0x00000000100083c4                double2uint
                0x00000000100083c4                __wrap___aeabi_d2uiz
 .text.__wrap___aeabi_dcmpun
                0x00000000100083e0       0x24 CMakeFiles/smart_card_rp2040.dir/Users/vden/.pico-sdk/sdk/2.2.0/src/rp2_common/pico_double/double_aeabi_dcp.S.o
                0x00000000100083e8                __wrap___aeabi_dcmpun
 .text.__wrap___aeabi_dcmplt
                0x0000000010008404       0x28 CMakeFiles/smart_card_rp2040.dir/Users/vden/.pico-sdk/sdk/2.2.0/src/rp2_common/pico_double/double_aeabi_dcp.S.o
                0x000000001000840c                __wrap___aeabi_dcmplt
 .text.__wrap___aeabi_dcmpge
                0x000000001000842c       0x28 CMakeFiles/smart_card_rp2040.dir/Users/vden/.pico-sdk/sdk/2.2.0/src/rp2_common/pico_double/double_aeabi_dcp.S.o
                0x0000000010008434                __wrap___aeabi_dcmpge
 .text.__wrap___aeabi_dcmpgt
                0x0000000010008454       0x28 CMakeFiles/smart_card_rp2040.dir/Users/vden/.pico-sdk/sdk/2.2.0/src/rp2_common/pico_double/double_aeabi_dcp.S.o
                0x000000001000845c                __wrap___aeabi_dcmpgt
 .text.__wrap_calloc
                0x000000001000847c       0x28 CMakeFiles/smart_card_rp2040.dir/Users/vden/.pico-sdk/sdk/2.2.0/src/rp2_common/pico_malloc/malloc.c.o
                0x000000001000847c                __wrap_calloc
 .text.__wrap_free
                0x00000000100084a4        0x4 CMakeFiles/smart_card_rp2040.dir/Users/vden/.pico-sdk/sdk/2.2.0/src/rp2_common/pico_malloc/malloc.c.o
                0x00000000100084a4                __wrap_free
 .text._out_buffer
                0x00000000100084a8        0x8 CMakeFiles/smart_card_rp2040.dir/Users/vden/.pico-sdk/sdk/2.2.0/src/rp2_common/pico_printf/printf.c.o
 .text._out_null
                0x00000000100084b0        0x4 CMakeFiles/smart_card_rp2040.dir/Users/vden/.pico-sdk/sdk/2.2.0/src/rp2_common/pico_printf/printf.c.o
 .text._out_rev
                0x00000000100084b4       0x8c CMakeFiles/smart_card_rp2040.dir/Users/vden/.pico-sdk/sdk/2.2.0/src/rp2_common/pico_printf/printf.c.o
 .text._ntoa_format
                0x0000000010008540      0x1e4 CMakeFiles/smart_card_rp2040.dir/Users/vden/.pico-sdk/sdk/2.2.0/src/rp2_common/pico_printf/printf.c.o
 .text._out_char
                0x0000000010008724        0x8 CMakeFiles/smart_card_rp2040.dir/Users/vden/.pico-sdk/sdk/2.2.0/src/rp2_common/pico_printf/printf.c.o
 .text._out_fct
                0x000000001000872c        0xc CMakeFiles/smart_card_rp2040.dir/Users/vden/.pico-sdk/sdk/2.2.0/src/rp2_common/pico_printf/printf.c.o
 .text._etoa    0x0000000010008738      0x468 CMakeFiles/smart_card_rp2040.dir/Users/vden/.pico-sdk/sdk/2.2.0/src/rp2_common/pico_printf/printf.c.o
 .text._ftoa    0x0000000010008ba0      0x518 CMakeFiles/smart_card_rp2040.dir/Users/vden/.pico-sdk/sdk/2.2.0/src/rp2_common/pico_printf/printf.c.o
 .text._vsnprintf
                0x00000000100090b8      0xaa4 CMakeFiles/smart_card_rp2040.dir/Users/vden/.pico-sdk/sdk/2.2.0/src/rp2_common/pico_printf/printf.c.o
 .text.__wrap_snprintf
                0x0000000010009b5c       0x28 CMakeFiles/smart_card_rp2040.dir/Users/vden/.pico-sdk/sdk/2.2.0/src/rp2_common/pico_printf/printf.c.o
                0x0000000010009b5c                __wrap_snprintf
 .text.vfctprintf
                0x0000000010009b84       0x24 CMakeFiles/smart_card_rp2040.dir/Users/vden/.pico-sdk/sdk/2.2.0/src/rp2_common/pico_printf/printf.c.o
                0x0000000010009b84                vfctprintf
 .text.weak_raw_vprintf
                0x0000000010009ba8       0x30 CMakeFiles/smart_card_rp2040.dir/Users/vden/.pico-sdk/sdk/2.2.0/src/rp2_common/pico_printf/printf.c.o
                0x0000000010009ba8                weak_raw_vprintf
 .text._exit    0x0000000010009bd8        0x4 CMakeFiles/smart_card_rp2040.dir/Users/vden/.pico-sdk/sdk/2.2.0/src/rp2_common/pico_clib_interface/newlib_interface.c.o
                0x0000000010009bd8                _exit
 .text._sbrk    0x0000000010009bdc       0x2c CMakeFiles/smart_card_rp2040.dir/Users/vden/.pico-sdk/sdk/2.2.0/src/rp2_common/pico_clib_interface/newlib_interface.c.o
                0x0000000010009bdc                _sbrk
 .text.exit     0x0000000010009c08        0x8 CMakeFiles/smart_card_rp2040.dir/Users/vden/.pico-sdk/sdk/2.2.0/src/rp2_common/pico_clib_interface/newlib_interface.c.o
                0x0000000010009c08                exit
 .text.runtime_init
                0x0000000010009c10       0x30 CMakeFiles/smart_card_rp2040.dir/Users/vden/.pico-sdk/sdk/2.2.0/src/rp2_common/pico_clib_interface/newlib_interface.c.o
                0x0000000010009c10                runtime_init
 .text.stdio_out_chars_no_crlf
                0x0000000010009c40       0x10 CMakeFiles/smart_card_rp2040.dir/Users/vden/.pico-sdk/sdk/2.2.0/src/rp2_common/pico_stdio/stdio.c.o
 .text.stdio_out_chars_crlf
                0x0000000010009c50       0xa8 CMakeFiles/smart_card_rp2040.dir/Users/vden/.pico-sdk/sdk/2.2.0/src/rp2_common/pico_stdio/stdio.c.o
 .text.stdio_buffered_printer
                0x0000000010009cf8       0xf0 CMakeFiles/smart_card_rp2040.dir/Users/vden/.pico-sdk/sdk/2.2.0/src/rp2_common/pico_stdio/stdio.c.o
 .text.stdio_put_string
                0x0000000010009de8       0xf0 CMakeFiles/smart_card_rp2040.dir/Users/vden/.pico-sdk/sdk/2.2.0/src/rp2_common/pico_stdio/stdio.c.o
                0x0000000010009de8                stdio_put_string
 .text.stdio_set_driver_enabled
                0x0000000010009ed8       0x28 CMakeFiles/smart_card_rp2040.dir/Users/vden/.pico-sdk/sdk/2.2.0/src/rp2_common/pico_stdio/stdio.c.o
                0x0000000010009ed8                stdio_set_driver_enabled
 .text.stdio_init_all
                0x0000000010009f00        0xc CMakeFiles/smart_card_rp2040.dir/Users/vden/.pico-sdk/sdk/2.2.0/src/rp2_common/pico_stdio/stdio.c.o
                0x0000000010009f00                stdio_init_all
 .text.__wrap_putchar
                0x0000000010009f0c       0x88 CMakeFiles/smart_card_rp2040.dir/Users/vden/.pico-sdk/sdk/2.2.0/src/rp2_common/pico_stdio/stdio.c.o
                0x0000000010009f0c                stdio_putchar
                0x0000000010009f0c                __wrap_putchar
 .text.__wrap_puts
                0x0000000010009f94       0x3c CMakeFiles/smart_card_rp2040.dir/Users/vden/.pico-sdk/sdk/2.2.0/src/rp2_common/pico_stdio/stdio.c.o
                0x0000000010009f94                __wrap_puts
                0x0000000010009f94                stdio_puts
 .text.__wrap_vprintf
                0x0000000010009fd0      0x164 CMakeFiles/smart_card_rp2040.dir/Users/vden/.pico-sdk/sdk/2.2.0/src/rp2_common/pico_stdio/stdio.c.o
                0x0000000010009fd0                __wrap_vprintf
                0x0000000010009fd0                stdio_vprintf
 .text.__wrap_printf
                0x000000001000a134       0x20 CMakeFiles/smart_card_rp2040.dir/Users/vden/.pico-sdk/sdk/2.2.0/src/rp2_common/pico_stdio/stdio.c.o
                0x000000001000a134                stdio_printf
                0x000000001000a134                __wrap_printf
 .text.stdio_uart_out_chars
                0x000000001000a154       0x50 CMakeFiles/smart_card_rp2040.dir/Users/vden/.pico-sdk/sdk/2.2.0/src/rp2_common/pico_stdio_uart/stdio_uart.c.o
 .text.stdio_uart_in_chars
                0x000000001000a1a4       0x84 CMakeFiles/smart_card_rp2040.dir/Users/vden/.pico-sdk/sdk/2.2.0/src/rp2_common/pico_stdio_uart/stdio_uart.c.o
                0x000000001000a1a4                stdio_uart_in_chars
 .text.on_uart_rx
                0x000000001000a228       0x24 CMakeFiles/smart_card_rp2040.dir/Users/vden/.pico-sdk/sdk/2.2.0/src/rp2_common/pico_stdio_uart/stdio_uart.c.o
 .text.stdio_uart_out_flush
                0x000000001000a24c       0x10 CMakeFiles/smart_card_rp2040.dir/Users/vden/.pico-sdk/sdk/2.2.0/src/rp2_common/pico_stdio_uart/stdio_uart.c.o
 .text.stdio_uart_set_chars_available_callback
                0x000000001000a25c       0x80 CMakeFiles/smart_card_rp2040.dir/Users/vden/.pico-sdk/sdk/2.2.0/src/rp2_common/pico_stdio_uart/stdio_uart.c.o
 .text.stdio_uart_init
                0x000000001000a2dc       0x54 CMakeFiles/smart_card_rp2040.dir/Users/vden/.pico-sdk/sdk/2.2.0/src/rp2_common/pico_stdio_uart/stdio_uart.c.o
                0x000000001000a2dc                stdio_uart_init
 .text.startup._retrieve_unique_id_on_boot
                0x000000001000a330       0x30 CMakeFiles/smart_card_rp2040.dir/Users/vden/.pico-sdk/sdk/2.2.0/src/rp2_common/pico_unique_id/unique_id.c.o
 .text.pico_get_unique_board_id
                0x000000001000a360       0x10 CMakeFiles/smart_card_rp2040.dir/Users/vden/.pico-sdk/sdk/2.2.0/src/rp2_common/pico_unique_id/unique_id.c.o
                0x000000001000a360                pico_get_unique_board_id
 .text.splitmix64
                0x000000001000a370       0x80 CMakeFiles/smart_card_rp2040.dir/Users/vden/.pico-sdk/sdk/2.2.0/src/rp2_common/pico_rand/rand.c.o
 .text.capture_additional_trng_samples
                0x000000001000a3f0       0xbc CMakeFiles/smart_card_rp2040.dir/Users/vden/.pico-sdk/sdk/2.2.0/src/rp2_common/pico_rand/rand.c.o
 .text.xoroshiro128ss.isra.0
                0x000000001000a4ac       0x9c CMakeFiles/smart_card_rp2040.dir/Users/vden/.pico-sdk/sdk/2.2.0/src/rp2_common/pico_rand/rand.c.o
 .text.get_rand_64
                0x000000001000a548      0x180 CMakeFiles/smart_card_rp2040.dir/Users/vden/.pico-sdk/sdk/2.2.0/src/rp2_common/pico_rand/rand.c.o
                0x000000001000a548                get_rand_64
 .text.startup.boot_double_tap_check
                0x000000001000a6c8       0x44 CMakeFiles/smart_card_rp2040.dir/Users/vden/.pico-sdk/sdk/2.2.0/src/rp2_common/pico_bootsel_via_double_reset/pico_bootsel_via_double_reset.c.o
 .text.dcd_init
                0x000000001000a70c       0x90 CMakeFiles/smart_card_rp2040.dir/Users/vden/.pico-sdk/sdk/2.2.0/lib/tinyusb/src/portable/raspberrypi/rp2040/dcd_rp2040.c.o
                0x000000001000a70c                dcd_init
 .text.dcd_int_enable
                0x000000001000a79c        0x8 CMakeFiles/smart_card_rp2040.dir/Users/vden/.pico-sdk/sdk/2.2.0/lib/tinyusb/src/portable/raspberrypi/rp2040/dcd_rp2040.c.o
                0x000000001000a79c                dcd_int_enable
 .text.dcd_set_address
                0x000000001000a7a4       0x10 CMakeFiles/smart_card_rp2040.dir/Users/vden/.pico-sdk/sdk/2.2.0/lib/tinyusb/src/portable/raspberrypi/rp2040/dcd_rp2040.c.o
                0x000000001000a7a4                dcd_set_address
 .text.dcd_disconnect
                0x000000001000a7b4       0x10 CMakeFiles/smart_card_rp2040.dir/Users/vden/.pico-sdk/sdk/2.2.0/lib/tinyusb/src/portable/raspberrypi/rp2040/dcd_rp2040.c.o
                0x000000001000a7b4                dcd_disconnect
 .text.dcd_connect
                0x000000001000a7c4       0x10 CMakeFiles/smart_card_rp2040.dir/Users/vden/.pico-sdk/sdk/2.2.0/lib/tinyusb/src/portable/raspberrypi/rp2040/dcd_rp2040.c.o
                0x000000001000a7c4                dcd_connect
 .text.dcd_sof_enable
                0x000000001000a7d4       0x1c CMakeFiles/smart_card_rp2040.dir/Users/vden/.pico-sdk/sdk/2.2.0/lib/tinyusb/src/portable/raspberrypi/rp2040/dcd_rp2040.c.o
                0x000000001000a7d4                dcd_sof_enable
 .text.dcd_edpt0_status_complete
                0x000000001000a7f0       0x1c CMakeFiles/smart_card_rp2040.dir/Users/vden/.pico-sdk/sdk/2.2.0/lib/tinyusb/src/portable/raspberrypi/rp2040/dcd_rp2040.c.o
                0x000000001000a7f0                dcd_edpt0_status_complete
 .text.dcd_edpt_open
                0x000000001000a80c      0x110 CMakeFiles/smart_card_rp2040.dir/Users/vden/.pico-sdk/sdk/2.2.0/lib/tinyusb/src/portable/raspberrypi/rp2040/dcd_rp2040.c.o
                0x000000001000a80c                dcd_edpt_open
 .text.dcd_edpt_close_all
                0x000000001000a91c        0x4 CMakeFiles/smart_card_rp2040.dir/Users/vden/.pico-sdk/sdk/2.2.0/lib/tinyusb/src/portable/raspberrypi/rp2040/dcd_rp2040.c.o
                0x000000001000a91c                dcd_edpt_close_all
 .text.dcd_edpt_xfer
                0x000000001000a920       0x24 CMakeFiles/smart_card_rp2040.dir/Users/vden/.pico-sdk/sdk/2.2.0/lib/tinyusb/src/portable/raspberrypi/rp2040/dcd_rp2040.c.o
                0x000000001000a920                dcd_edpt_xfer
 .text.dcd_edpt_stall
                0x000000001000a944       0x30 CMakeFiles/smart_card_rp2040.dir/Users/vden/.pico-sdk/sdk/2.2.0/lib/tinyusb/src/portable/raspberrypi/rp2040/dcd_rp2040.c.o
                0x000000001000a944                dcd_edpt_stall
 .text.dcd_edpt_clear_stall
                0x000000001000a974       0x30 CMakeFiles/smart_card_rp2040.dir/Users/vden/.pico-sdk/sdk/2.2.0/lib/tinyusb/src/portable/raspberrypi/rp2040/dcd_rp2040.c.o
                0x000000001000a974                dcd_edpt_clear_stall
 .text.rp2040_usb_init
                0x000000001000a9a4       0x40 CMakeFiles/smart_card_rp2040.dir/Users/vden/.pico-sdk/sdk/2.2.0/lib/tinyusb/src/portable/raspberrypi/rp2040/rp2040_usb.c.o
                0x000000001000a9a4                rp2040_usb_init
 .text.hw_endpoint_xfer_start
                0x000000001000a9e4       0x4c CMakeFiles/smart_card_rp2040.dir/Users/vden/.pico-sdk/sdk/2.2.0/lib/tinyusb/src/portable/raspberrypi/rp2040/rp2040_usb.c.o
                0x000000001000a9e4                hw_endpoint_xfer_start
 .text.tud_vendor_control_xfer_cb
                0x000000001000aa30        0x4 CMakeFiles/smart_card_rp2040.dir/Users/vden/.pico-sdk/sdk/2.2.0/lib/tinyusb/src/device/usbd.c.o
                0x000000001000aa30                tud_vendor_control_xfer_cb
 .text.configuration_reset
                0x000000001000aa34       0x8c CMakeFiles/smart_card_rp2040.dir/Users/vden/.pico-sdk/sdk/2.2.0/lib/tinyusb/src/device/usbd.c.o
 .text.tud_event_hook_cb
                0x000000001000aac0        0x4 CMakeFiles/smart_card_rp2040.dir/Users/vden/.pico-sdk/sdk/2.2.0/lib/tinyusb/src/device/usbd.c.o
                0x000000001000aac0                tud_event_hook_cb
 .text.tud_sof_cb
                0x000000001000aac4        0x4 CMakeFiles/smart_card_rp2040.dir/Users/vden/.pico-sdk/sdk/2.2.0/lib/tinyusb/src/device/usbd.c.o
                0x000000001000aac4                tud_sof_cb
 .text.tud_descriptor_bos_cb
                0x000000001000aac8        0x4 CMakeFiles/smart_card_rp2040.dir/Users/vden/.pico-sdk/sdk/2.2.0/lib/tinyusb/src/device/usbd.c.o
                0x000000001000aac8                tud_descriptor_bos_cb
 .text.tud_descriptor_device_qualifier_cb
                0x000000001000aacc        0x4 CMakeFiles/smart_card_rp2040.dir/Users/vden/.pico-sdk/sdk/2.2.0/lib/tinyusb/src/device/usbd.c.o
                0x000000001000aacc                tud_descriptor_device_qualifier_cb
 .text.tud_descriptor_other_speed_configuration_cb
                0x000000001000aad0        0x4 CMakeFiles/smart_card_rp2040.dir/Users/vden/.pico-sdk/sdk/2.2.0/lib/tinyusb/src/device/usbd.c.o
                0x000000001000aad0                tud_descriptor_other_speed_configuration_cb
 .text.tud_mount_cb
                0x000000001000aad4        0x4 CMakeFiles/smart_card_rp2040.dir/Users/vden/.pico-sdk/sdk/2.2.0/lib/tinyusb/src/device/usbd.c.o
                0x000000001000aad4                tud_mount_cb
 .text.tud_umount_cb
                0x000000001000aad8        0x4 CMakeFiles/smart_card_rp2040.dir/Users/vden/.pico-sdk/sdk/2.2.0/lib/tinyusb/src/device/usbd.c.o
                0x000000001000aad8                tud_umount_cb
 .text.tud_suspend_cb
                0x000000001000aadc        0x4 CMakeFiles/smart_card_rp2040.dir/Users/vden/.pico-sdk/sdk/2.2.0/lib/tinyusb/src/device/usbd.c.o
                0x000000001000aadc                tud_suspend_cb
 .text.tud_resume_cb
                0x000000001000aae0        0x4 CMakeFiles/smart_card_rp2040.dir/Users/vden/.pico-sdk/sdk/2.2.0/lib/tinyusb/src/device/usbd.c.o
                0x000000001000aae0                tud_resume_cb
 .text.tud_mounted
                0x000000001000aae4       0x10 CMakeFiles/smart_card_rp2040.dir/Users/vden/.pico-sdk/sdk/2.2.0/lib/tinyusb/src/device/usbd.c.o
                0x000000001000aae4                tud_mounted
 .text.tud_suspended
                0x000000001000aaf4       0x10 CMakeFiles/smart_card_rp2040.dir/Users/vden/.pico-sdk/sdk/2.2.0/lib/tinyusb/src/device/usbd.c.o
                0x000000001000aaf4                tud_suspended
 .text.tud_disconnect
                0x000000001000ab04       0x14 CMakeFiles/smart_card_rp2040.dir/Users/vden/.pico-sdk/sdk/2.2.0/lib/tinyusb/src/device/usbd.c.o
                0x000000001000ab04                tud_disconnect
 .text.tud_connect
                0x000000001000ab18       0x14 CMakeFiles/smart_card_rp2040.dir/Users/vden/.pico-sdk/sdk/2.2.0/lib/tinyusb/src/device/usbd.c.o
                0x000000001000ab18                tud_connect
 .text.tud_rhport_init
                0x000000001000ab2c      0x100 CMakeFiles/smart_card_rp2040.dir/Users/vden/.pico-sdk/sdk/2.2.0/lib/tinyusb/src/device/usbd.c.o
                0x000000001000ab2c                tud_rhport_init
 .text.tud_task_ext
                0x000000001000ac2c      0x7d0 CMakeFiles/smart_card_rp2040.dir/Users/vden/.pico-sdk/sdk/2.2.0/lib/tinyusb/src/device/usbd.c.o
                0x000000001000ac2c                tud_task_ext
 .text.usbd_open_edpt_pair
                0x000000001000b3fc       0xb0 CMakeFiles/smart_card_rp2040.dir/Users/vden/.pico-sdk/sdk/2.2.0/lib/tinyusb/src/device/usbd.c.o
                0x000000001000b3fc                usbd_open_edpt_pair
 .text.usbd_edpt_open
                0x000000001000b4ac       0x44 CMakeFiles/smart_card_rp2040.dir/Users/vden/.pico-sdk/sdk/2.2.0/lib/tinyusb/src/device/usbd.c.o
                0x000000001000b4ac                usbd_edpt_open
 .text.usbd_edpt_claim
                0x000000001000b4f0       0x20 CMakeFiles/smart_card_rp2040.dir/Users/vden/.pico-sdk/sdk/2.2.0/lib/tinyusb/src/device/usbd.c.o
                0x000000001000b4f0                usbd_edpt_claim
 .text.usbd_edpt_release
                0x000000001000b510       0x20 CMakeFiles/smart_card_rp2040.dir/Users/vden/.pico-sdk/sdk/2.2.0/lib/tinyusb/src/device/usbd.c.o
                0x000000001000b510                usbd_edpt_release
 .text.usbd_edpt_xfer
                0x000000001000b530       0x64 CMakeFiles/smart_card_rp2040.dir/Users/vden/.pico-sdk/sdk/2.2.0/lib/tinyusb/src/device/usbd.c.o
                0x000000001000b530                usbd_edpt_xfer
 .text.usbd_edpt_busy
                0x000000001000b594       0x1c CMakeFiles/smart_card_rp2040.dir/Users/vden/.pico-sdk/sdk/2.2.0/lib/tinyusb/src/device/usbd.c.o
                0x000000001000b594                usbd_edpt_busy
 .text.tud_control_status
                0x000000001000b5b0       0x34 CMakeFiles/smart_card_rp2040.dir/Users/vden/.pico-sdk/sdk/2.2.0/lib/tinyusb/src/device/usbd_control.c.o
                0x000000001000b5b0                tud_control_status
 .text.tud_control_xfer
                0x000000001000b5e4       0xbc CMakeFiles/smart_card_rp2040.dir/Users/vden/.pico-sdk/sdk/2.2.0/lib/tinyusb/src/device/usbd_control.c.o
                0x000000001000b5e4                tud_control_xfer
 .text.usbd_control_reset
                0x000000001000b6a0       0x14 CMakeFiles/smart_card_rp2040.dir/Users/vden/.pico-sdk/sdk/2.2.0/lib/tinyusb/src/device/usbd_control.c.o
                0x000000001000b6a0                usbd_control_reset
 .text.usbd_control_set_complete_callback
                0x000000001000b6b4        0xc CMakeFiles/smart_card_rp2040.dir/Users/vden/.pico-sdk/sdk/2.2.0/lib/tinyusb/src/device/usbd_control.c.o
                0x000000001000b6b4                usbd_control_set_complete_callback
 .text.usbd_control_set_request
                0x000000001000b6c0       0x20 CMakeFiles/smart_card_rp2040.dir/Users/vden/.pico-sdk/sdk/2.2.0/lib/tinyusb/src/device/usbd_control.c.o
                0x000000001000b6c0                usbd_control_set_request
 .text.usbd_control_xfer_cb
                0x000000001000b6e0      0x110 CMakeFiles/smart_card_rp2040.dir/Users/vden/.pico-sdk/sdk/2.2.0/lib/tinyusb/src/device/usbd_control.c.o
                0x000000001000b6e0                usbd_control_xfer_cb
 .text.tud_cdc_n_available
                0x000000001000b7f0       0x18 CMakeFiles/smart_card_rp2040.dir/Users/vden/.pico-sdk/sdk/2.2.0/lib/tinyusb/src/class/cdc/cdc_device.c.o
                0x000000001000b7f0                tud_cdc_n_available
 .text.tud_cdc_n_read
                0x000000001000b808       0x90 CMakeFiles/smart_card_rp2040.dir/Users/vden/.pico-sdk/sdk/2.2.0/lib/tinyusb/src/class/cdc/cdc_device.c.o
                0x000000001000b808                tud_cdc_n_read
 .text.tud_cdc_n_write_flush
                0x000000001000b898       0x8c CMakeFiles/smart_card_rp2040.dir/Users/vden/.pico-sdk/sdk/2.2.0/lib/tinyusb/src/class/cdc/cdc_device.c.o
                0x000000001000b898                tud_cdc_n_write_flush
 .text.tud_cdc_n_write
                0x000000001000b924       0x44 CMakeFiles/smart_card_rp2040.dir/Users/vden/.pico-sdk/sdk/2.2.0/lib/tinyusb/src/class/cdc/cdc_device.c.o
                0x000000001000b924                tud_cdc_n_write
 .text.cdcd_init
                0x000000001000b968       0x78 CMakeFiles/smart_card_rp2040.dir/Users/vden/.pico-sdk/sdk/2.2.0/lib/tinyusb/src/class/cdc/cdc_device.c.o
                0x000000001000b968                cdcd_init
 .text.cdcd_deinit
                0x000000001000b9e0       0x20 CMakeFiles/smart_card_rp2040.dir/Users/vden/.pico-sdk/sdk/2.2.0/lib/tinyusb/src/class/cdc/cdc_device.c.o
                0x000000001000b9e0                cdcd_deinit
 .text.cdcd_reset
                0x000000001000ba00       0x4c CMakeFiles/smart_card_rp2040.dir/Users/vden/.pico-sdk/sdk/2.2.0/lib/tinyusb/src/class/cdc/cdc_device.c.o
                0x000000001000ba00                cdcd_reset
 .text.cdcd_open
                0x000000001000ba4c      0x10c CMakeFiles/smart_card_rp2040.dir/Users/vden/.pico-sdk/sdk/2.2.0/lib/tinyusb/src/class/cdc/cdc_device.c.o
                0x000000001000ba4c                cdcd_open
 .text.cdcd_control_xfer_cb
                0x000000001000bb58       0xc0 CMakeFiles/smart_card_rp2040.dir/Users/vden/.pico-sdk/sdk/2.2.0/lib/tinyusb/src/class/cdc/cdc_device.c.o
                0x000000001000bb58                cdcd_control_xfer_cb
 .text.cdcd_xfer_cb
                0x000000001000bc18      0x198 CMakeFiles/smart_card_rp2040.dir/Users/vden/.pico-sdk/sdk/2.2.0/lib/tinyusb/src/class/cdc/cdc_device.c.o
                0x000000001000bc18                cdcd_xfer_cb
 .text.tud_hid_set_protocol_cb
                0x000000001000bdb0        0x4 CMakeFiles/smart_card_rp2040.dir/Users/vden/.pico-sdk/sdk/2.2.0/lib/tinyusb/src/class/hid/hid_device.c.o
                0x000000001000bdb0                tud_hid_set_protocol_cb
 .text.tud_hid_set_idle_cb
                0x000000001000bdb4        0x4 CMakeFiles/smart_card_rp2040.dir/Users/vden/.pico-sdk/sdk/2.2.0/lib/tinyusb/src/class/hid/hid_device.c.o
                0x000000001000bdb4                tud_hid_set_idle_cb
 .text.tud_hid_report_complete_cb
                0x000000001000bdb8        0x4 CMakeFiles/smart_card_rp2040.dir/Users/vden/.pico-sdk/sdk/2.2.0/lib/tinyusb/src/class/hid/hid_device.c.o
                0x000000001000bdb8                tud_hid_report_complete_cb
 .text.tud_hid_report_failed_cb
                0x000000001000bdbc        0x4 CMakeFiles/smart_card_rp2040.dir/Users/vden/.pico-sdk/sdk/2.2.0/lib/tinyusb/src/class/hid/hid_device.c.o
                0x000000001000bdbc                tud_hid_report_failed_cb
 .text.tud_hid_n_ready
                0x000000001000bdc0       0x38 CMakeFiles/smart_card_rp2040.dir/Users/vden/.pico-sdk/sdk/2.2.0/lib/tinyusb/src/class/hid/hid_device.c.o
                0x000000001000bdc0                tud_hid_n_ready
 .text.tud_hid_n_keyboard_report
                0x000000001000bdf8       0x80 CMakeFiles/smart_card_rp2040.dir/Users/vden/.pico-sdk/sdk/2.2.0/lib/tinyusb/src/class/hid/hid_device.c.o
                0x000000001000bdf8                tud_hid_n_keyboard_report
 .text.hidd_init
                0x000000001000be78       0x10 CMakeFiles/smart_card_rp2040.dir/Users/vden/.pico-sdk/sdk/2.2.0/lib/tinyusb/src/class/hid/hid_device.c.o
                0x000000001000be78                hidd_init
 .text.hidd_deinit
                0x000000001000be88        0x4 CMakeFiles/smart_card_rp2040.dir/Users/vden/.pico-sdk/sdk/2.2.0/lib/tinyusb/src/class/hid/hid_device.c.o
                0x000000001000be88                hidd_deinit
 .text.hidd_reset
                0x000000001000be8c       0x10 CMakeFiles/smart_card_rp2040.dir/Users/vden/.pico-sdk/sdk/2.2.0/lib/tinyusb/src/class/hid/hid_device.c.o
                0x000000001000be8c                hidd_reset
 .text.hidd_open
                0x000000001000be9c       0xb8 CMakeFiles/smart_card_rp2040.dir/Users/vden/.pico-sdk/sdk/2.2.0/lib/tinyusb/src/class/hid/hid_device.c.o
                0x000000001000be9c                hidd_open
 .text.hidd_control_xfer_cb
                0x000000001000bf54      0x1f8 CMakeFiles/smart_card_rp2040.dir/Users/vden/.pico-sdk/sdk/2.2.0/lib/tinyusb/src/class/hid/hid_device.c.o
                0x000000001000bf54                hidd_control_xfer_cb
 .text.hidd_xfer_cb
                0x000000001000c14c       0x9c CMakeFiles/smart_card_rp2040.dir/Users/vden/.pico-sdk/sdk/2.2.0/lib/tinyusb/src/class/hid/hid_device.c.o
                0x000000001000c14c                hidd_xfer_cb
 .text.tusb_rhport_init
                0x000000001000c1e8       0x6c CMakeFiles/smart_card_rp2040.dir/Users/vden/.pico-sdk/sdk/2.2.0/lib/tinyusb/src/tusb.c.o
                0x000000001000c1e8                tusb_rhport_init
 .text.tu_edpt_claim
                0x000000001000c254       0x50 CMakeFiles/smart_card_rp2040.dir/Users/vden/.pico-sdk/sdk/2.2.0/lib/tinyusb/src/tusb.c.o
                0x000000001000c254                tu_edpt_claim
 .text.tu_edpt_release
                0x000000001000c2a4       0x40 CMakeFiles/smart_card_rp2040.dir/Users/vden/.pico-sdk/sdk/2.2.0/lib/tinyusb/src/tusb.c.o
                0x000000001000c2a4                tu_edpt_release
 .text.tu_edpt_validate
                0x000000001000c2e4       0x64 CMakeFiles/smart_card_rp2040.dir/Users/vden/.pico-sdk/sdk/2.2.0/lib/tinyusb/src/tusb.c.o
                0x000000001000c2e4                tu_edpt_validate
 .text.tu_edpt_bind_driver
                0x000000001000c348       0x38 CMakeFiles/smart_card_rp2040.dir/Users/vden/.pico-sdk/sdk/2.2.0/lib/tinyusb/src/tusb.c.o
                0x000000001000c348                tu_edpt_bind_driver
 .text.tu_fifo_config
                0x000000001000c380       0x6c CMakeFiles/smart_card_rp2040.dir/Users/vden/.pico-sdk/sdk/2.2.0/lib/tinyusb/src/common/tusb_fifo.c.o
                0x000000001000c380                tu_fifo_config
 .text.tu_fifo_count
                0x000000001000c3ec       0x20 CMakeFiles/smart_card_rp2040.dir/Users/vden/.pico-sdk/sdk/2.2.0/lib/tinyusb/src/common/tusb_fifo.c.o
                0x000000001000c3ec                tu_fifo_count
 .text.tu_fifo_empty
                0x000000001000c40c       0x10 CMakeFiles/smart_card_rp2040.dir/Users/vden/.pico-sdk/sdk/2.2.0/lib/tinyusb/src/common/tusb_fifo.c.o
                0x000000001000c40c                tu_fifo_empty
 .text.tu_fifo_remaining
                0x000000001000c41c       0x24 CMakeFiles/smart_card_rp2040.dir/Users/vden/.pico-sdk/sdk/2.2.0/lib/tinyusb/src/common/tusb_fifo.c.o
                0x000000001000c41c                tu_fifo_remaining
 .text.tu_fifo_read
                0x000000001000c440       0x90 CMakeFiles/smart_card_rp2040.dir/Users/vden/.pico-sdk/sdk/2.2.0/lib/tinyusb/src/common/tusb_fifo.c.o
                0x000000001000c440                tu_fifo_read
 .text.tu_fifo_read_n
                0x000000001000c4d0       0xd4 CMakeFiles/smart_card_rp2040.dir/Users/vden/.pico-sdk/sdk/2.2.0/lib/tinyusb/src/common/tusb_fifo.c.o
                0x000000001000c4d0                tu_fifo_read_n
 .text.tu_fifo_write
                0x000000001000c5a4       0x84 CMakeFiles/smart_card_rp2040.dir/Users/vden/.pico-sdk/sdk/2.2.0/lib/tinyusb/src/common/tusb_fifo.c.o
                0x000000001000c5a4                tu_fifo_write
 .text.tu_fifo_write_n
                0x000000001000c628      0x148 CMakeFiles/smart_card_rp2040.dir/Users/vden/.pico-sdk/sdk/2.2.0/lib/tinyusb/src/common/tusb_fifo.c.o
                0x000000001000c628                tu_fifo_write_n
 .text.tu_fifo_clear
                0x000000001000c770       0x38 CMakeFiles/smart_card_rp2040.dir/Users/vden/.pico-sdk/sdk/2.2.0/lib/tinyusb/src/common/tusb_fifo.c.o
                0x000000001000c770                tu_fifo_clear
 .text.tu_fifo_set_overwritable
                0x000000001000c7a8       0x3c CMakeFiles/smart_card_rp2040.dir/Users/vden/.pico-sdk/sdk/2.2.0/lib/tinyusb/src/common/tusb_fifo.c.o
                0x000000001000c7a8                tu_fifo_set_overwritable
 .text.mbedtls_asn1_get_len
                0x000000001000c7e4       0x88 CMakeFiles/smart_card_rp2040.dir/Users/vden/.pico-sdk/sdk/2.2.0/lib/mbedtls/library/asn1parse.c.o
                0x000000001000c7e4                mbedtls_asn1_get_len
 .text.mbedtls_asn1_get_tag
                0x000000001000c86c       0x9c CMakeFiles/smart_card_rp2040.dir/Users/vden/.pico-sdk/sdk/2.2.0/lib/mbedtls/library/asn1parse.c.o
                0x000000001000c86c                mbedtls_asn1_get_tag
 .text.mbedtls_asn1_get_int
                0x000000001000c908       0xe4 CMakeFiles/smart_card_rp2040.dir/Users/vden/.pico-sdk/sdk/2.2.0/lib/mbedtls/library/asn1parse.c.o
                0x000000001000c908                mbedtls_asn1_get_int
 .text.mbedtls_asn1_get_mpi
                0x000000001000c9ec       0x9c CMakeFiles/smart_card_rp2040.dir/Users/vden/.pico-sdk/sdk/2.2.0/lib/mbedtls/library/asn1parse.c.o
                0x000000001000c9ec                mbedtls_asn1_get_mpi
 .text.mbedtls_asn1_get_bitstring_null
                0x000000001000ca88       0xb4 CMakeFiles/smart_card_rp2040.dir/Users/vden/.pico-sdk/sdk/2.2.0/lib/mbedtls/library/asn1parse.c.o
                0x000000001000ca88                mbedtls_asn1_get_bitstring_null
 .text.mbedtls_asn1_get_alg
                0x000000001000cb3c      0x1dc CMakeFiles/smart_card_rp2040.dir/Users/vden/.pico-sdk/sdk/2.2.0/lib/mbedtls/library/asn1parse.c.o
                0x000000001000cb3c                mbedtls_asn1_get_alg
 .text.mbedtls_asn1_free_named_data_list
                0x000000001000cd18       0x28 CMakeFiles/smart_card_rp2040.dir/Users/vden/.pico-sdk/sdk/2.2.0/lib/mbedtls/library/asn1parse.c.o
                0x000000001000cd18                mbedtls_asn1_free_named_data_list
 .text.mbedtls_asn1_find_named_data
                0x000000001000cd40       0x28 CMakeFiles/smart_card_rp2040.dir/Users/vden/.pico-sdk/sdk/2.2.0/lib/mbedtls/library/asn1parse.c.o
                0x000000001000cd40                mbedtls_asn1_find_named_data
 .text.mbedtls_asn1_write_len
                0x000000001000cd68       0x58 CMakeFiles/smart_card_rp2040.dir/Users/vden/.pico-sdk/sdk/2.2.0/lib/mbedtls/library/asn1write.c.o
                0x000000001000cd68                mbedtls_asn1_write_len
 .text.mbedtls_asn1_write_tag
                0x000000001000cdc0       0x1c CMakeFiles/smart_card_rp2040.dir/Users/vden/.pico-sdk/sdk/2.2.0/lib/mbedtls/library/asn1write.c.o
                0x000000001000cdc0                mbedtls_asn1_write_tag
 .text.mbedtls_asn1_write_raw_buffer
                0x000000001000cddc       0x28 CMakeFiles/smart_card_rp2040.dir/Users/vden/.pico-sdk/sdk/2.2.0/lib/mbedtls/library/asn1write.c.o
                0x000000001000cddc                mbedtls_asn1_write_raw_buffer
 .text.mbedtls_asn1_write_mpi
                0x000000001000ce04       0xc4 CMakeFiles/smart_card_rp2040.dir/Users/vden/.pico-sdk/sdk/2.2.0/lib/mbedtls/library/asn1write.c.o
                0x000000001000ce04                mbedtls_asn1_write_mpi
 .text.mbedtls_asn1_write_oid
                0x000000001000cec8       0x90 CMakeFiles/smart_card_rp2040.dir/Users/vden/.pico-sdk/sdk/2.2.0/lib/mbedtls/library/asn1write.c.o
                0x000000001000cec8                mbedtls_asn1_write_oid
 .text.mbedtls_asn1_write_algorithm_identifier_ext
                0x000000001000cf58      0x13c CMakeFiles/smart_card_rp2040.dir/Users/vden/.pico-sdk/sdk/2.2.0/lib/mbedtls/library/asn1write.c.o
                0x000000001000cf58                mbedtls_asn1_write_algorithm_identifier_ext
 .text.mbedtls_asn1_write_bool
                0x000000001000d094       0x4c CMakeFiles/smart_card_rp2040.dir/Users/vden/.pico-sdk/sdk/2.2.0/lib/mbedtls/library/asn1write.c.o
                0x000000001000d094                mbedtls_asn1_write_bool
 .text.mbedtls_asn1_write_int
                0x000000001000d0e0       0xac CMakeFiles/smart_card_rp2040.dir/Users/vden/.pico-sdk/sdk/2.2.0/lib/mbedtls/library/asn1write.c.o
                0x000000001000d0e0                mbedtls_asn1_write_int
 .text.mbedtls_asn1_write_tagged_string
                0x000000001000d18c       0x98 CMakeFiles/smart_card_rp2040.dir/Users/vden/.pico-sdk/sdk/2.2.0/lib/mbedtls/library/asn1write.c.o
                0x000000001000d18c                mbedtls_asn1_write_tagged_string
 .text.mbedtls_asn1_write_named_bitstring
                0x000000001000d224      0x104 CMakeFiles/smart_card_rp2040.dir/Users/vden/.pico-sdk/sdk/2.2.0/lib/mbedtls/library/asn1write.c.o
                0x000000001000d224                mbedtls_asn1_write_named_bitstring
 .text.mbedtls_asn1_write_octet_string
                0x000000001000d328       0x90 CMakeFiles/smart_card_rp2040.dir/Users/vden/.pico-sdk/sdk/2.2.0/lib/mbedtls/library/asn1write.c.o
                0x000000001000d328                mbedtls_asn1_write_octet_string
 .text.mbedtls_asn1_store_named_data
                0x000000001000d3b8       0xd0 CMakeFiles/smart_card_rp2040.dir/Users/vden/.pico-sdk/sdk/2.2.0/lib/mbedtls/library/asn1write.c.o
                0x000000001000d3b8                mbedtls_asn1_store_named_data
 .text.mbedtls_ct_base64_enc_char
                0x000000001000d488       0x84 CMakeFiles/smart_card_rp2040.dir/Users/vden/.pico-sdk/sdk/2.2.0/lib/mbedtls/library/base64.c.o
 .text.mbedtls_base64_encode
                0x000000001000d50c      0x148 CMakeFiles/smart_card_rp2040.dir/Users/vden/.pico-sdk/sdk/2.2.0/lib/mbedtls/library/base64.c.o
                0x000000001000d50c                mbedtls_base64_encode
 .text.mbedtls_base64_decode
                0x000000001000d654      0x2ec CMakeFiles/smart_card_rp2040.dir/Users/vden/.pico-sdk/sdk/2.2.0/lib/mbedtls/library/base64.c.o
                0x000000001000d654                mbedtls_base64_decode
 .text.mbedtls_mpi_cmp_mpi.constprop.5
                0x000000001000d940       0x64 CMakeFiles/smart_card_rp2040.dir/Users/vden/.pico-sdk/sdk/2.2.0/lib/mbedtls/library/bignum.c.o
 .text.mbedtls_mpi_safe_cond_assign
                0x000000001000d9a4      0x100 CMakeFiles/smart_card_rp2040.dir/Users/vden/.pico-sdk/sdk/2.2.0/lib/mbedtls/library/bignum.c.o
                0x000000001000d9a4                mbedtls_mpi_safe_cond_assign
 .text.mbedtls_mpi_init
                0x000000001000daa4        0xc CMakeFiles/smart_card_rp2040.dir/Users/vden/.pico-sdk/sdk/2.2.0/lib/mbedtls/library/bignum.c.o
                0x000000001000daa4                mbedtls_mpi_init
 .text.mbedtls_mpi_free
                0x000000001000dab0       0x20 CMakeFiles/smart_card_rp2040.dir/Users/vden/.pico-sdk/sdk/2.2.0/lib/mbedtls/library/bignum.c.o
                0x000000001000dab0                mbedtls_mpi_free
 .text.mbedtls_mpi_grow
                0x000000001000dad0       0x50 CMakeFiles/smart_card_rp2040.dir/Users/vden/.pico-sdk/sdk/2.2.0/lib/mbedtls/library/bignum.c.o
                0x000000001000dad0                mbedtls_mpi_grow
 .text.mbedtls_mpi_shrink
                0x000000001000db20       0x8c CMakeFiles/smart_card_rp2040.dir/Users/vden/.pico-sdk/sdk/2.2.0/lib/mbedtls/library/bignum.c.o
                0x000000001000db20                mbedtls_mpi_shrink
 .text.mbedtls_mpi_copy
                0x000000001000dbac       0xcc CMakeFiles/smart_card_rp2040.dir/Users/vden/.pico-sdk/sdk/2.2.0/lib/mbedtls/library/bignum.c.o
                0x000000001000dbac                mbedtls_mpi_copy
 .text.mbedtls_mpi_lset
                0x000000001000dc78       0x64 CMakeFiles/smart_card_rp2040.dir/Users/vden/.pico-sdk/sdk/2.2.0/lib/mbedtls/library/bignum.c.o
                0x000000001000dc78                mbedtls_mpi_lset
 .text.mbedtls_mpi_get_bit
                0x000000001000dcdc       0x20 CMakeFiles/smart_card_rp2040.dir/Users/vden/.pico-sdk/sdk/2.2.0/lib/mbedtls/library/bignum.c.o
                0x000000001000dcdc                mbedtls_mpi_get_bit
 .text.mbedtls_mpi_lsb
                0x000000001000dcfc       0x40 CMakeFiles/smart_card_rp2040.dir/Users/vden/.pico-sdk/sdk/2.2.0/lib/mbedtls/library/bignum.c.o
                0x000000001000dcfc                mbedtls_mpi_lsb
 .text.mbedtls_mpi_bitlen
                0x000000001000dd3c        0x8 CMakeFiles/smart_card_rp2040.dir/Users/vden/.pico-sdk/sdk/2.2.0/lib/mbedtls/library/bignum.c.o
                0x000000001000dd3c                mbedtls_mpi_bitlen
 .text.mbedtls_mpi_size
                0x000000001000dd44       0x10 CMakeFiles/smart_card_rp2040.dir/Users/vden/.pico-sdk/sdk/2.2.0/lib/mbedtls/library/bignum.c.o
                0x000000001000dd44                mbedtls_mpi_size
 .text.mbedtls_mpi_read_binary
                0x000000001000dd54       0xbc CMakeFiles/smart_card_rp2040.dir/Users/vden/.pico-sdk/sdk/2.2.0/lib/mbedtls/library/bignum.c.o
                0x000000001000dd54                mbedtls_mpi_read_binary
 .text.mbedtls_mpi_write_binary
                0x000000001000de10       0x14 CMakeFiles/smart_card_rp2040.dir/Users/vden/.pico-sdk/sdk/2.2.0/lib/mbedtls/library/bignum.c.o
                0x000000001000de10                mbedtls_mpi_write_binary
 .text.mbedtls_mpi_shift_l
                0x000000001000de24       0x70 CMakeFiles/smart_card_rp2040.dir/Users/vden/.pico-sdk/sdk/2.2.0/lib/mbedtls/library/bignum.c.o
                0x000000001000de24                mbedtls_mpi_shift_l
 .text.mbedtls_mpi_shift_r
                0x000000001000de94       0x18 CMakeFiles/smart_card_rp2040.dir/Users/vden/.pico-sdk/sdk/2.2.0/lib/mbedtls/library/bignum.c.o
                0x000000001000de94                mbedtls_mpi_shift_r
 .text.mbedtls_mpi_cmp_abs
                0x000000001000deac       0xc8 CMakeFiles/smart_card_rp2040.dir/Users/vden/.pico-sdk/sdk/2.2.0/lib/mbedtls/library/bignum.c.o
                0x000000001000deac                mbedtls_mpi_cmp_abs
 .text.mbedtls_mpi_cmp_mpi
                0x000000001000df74       0xe4 CMakeFiles/smart_card_rp2040.dir/Users/vden/.pico-sdk/sdk/2.2.0/lib/mbedtls/library/bignum.c.o
                0x000000001000df74                mbedtls_mpi_cmp_mpi
 .text.mbedtls_mpi_cmp_int
                0x000000001000e058       0x90 CMakeFiles/smart_card_rp2040.dir/Users/vden/.pico-sdk/sdk/2.2.0/lib/mbedtls/library/bignum.c.o
                0x000000001000e058                mbedtls_mpi_cmp_int
 .text.mbedtls_mpi_add_abs
                0x000000001000e0e8       0xf4 CMakeFiles/smart_card_rp2040.dir/Users/vden/.pico-sdk/sdk/2.2.0/lib/mbedtls/library/bignum.c.o
                0x000000001000e0e8                mbedtls_mpi_add_abs
 .text.mbedtls_mpi_sub_abs
                0x000000001000e1dc      0x100 CMakeFiles/smart_card_rp2040.dir/Users/vden/.pico-sdk/sdk/2.2.0/lib/mbedtls/library/bignum.c.o
                0x000000001000e1dc                mbedtls_mpi_sub_abs
 .text.add_sub_mpi
                0x000000001000e2dc       0x6c CMakeFiles/smart_card_rp2040.dir/Users/vden/.pico-sdk/sdk/2.2.0/lib/mbedtls/library/bignum.c.o
 .text.mbedtls_mpi_add_mpi
                0x000000001000e348       0x64 CMakeFiles/smart_card_rp2040.dir/Users/vden/.pico-sdk/sdk/2.2.0/lib/mbedtls/library/bignum.c.o
                0x000000001000e348                mbedtls_mpi_add_mpi
 .text.mbedtls_mpi_sub_mpi
                0x000000001000e3ac       0x64 CMakeFiles/smart_card_rp2040.dir/Users/vden/.pico-sdk/sdk/2.2.0/lib/mbedtls/library/bignum.c.o
                0x000000001000e3ac                mbedtls_mpi_sub_mpi
 .text.mbedtls_mpi_add_int
                0x000000001000e410      0x1a0 CMakeFiles/smart_card_rp2040.dir/Users/vden/.pico-sdk/sdk/2.2.0/lib/mbedtls/library/bignum.c.o
                0x000000001000e410                mbedtls_mpi_add_int
 .text.mbedtls_mpi_sub_int
                0x000000001000e5b0      0x1a0 CMakeFiles/smart_card_rp2040.dir/Users/vden/.pico-sdk/sdk/2.2.0/lib/mbedtls/library/bignum.c.o
                0x000000001000e5b0                mbedtls_mpi_sub_int
 .text.mbedtls_mpi_mul_mpi
                0x000000001000e750      0x1b8 CMakeFiles/smart_card_rp2040.dir/Users/vden/.pico-sdk/sdk/2.2.0/lib/mbedtls/library/bignum.c.o
                0x000000001000e750                mbedtls_mpi_mul_mpi
 .text.mbedtls_mpi_mul_int
                0x000000001000e908       0xf0 CMakeFiles/smart_card_rp2040.dir/Users/vden/.pico-sdk/sdk/2.2.0/lib/mbedtls/library/bignum.c.o
                0x000000001000e908                mbedtls_mpi_mul_int
 .text.mbedtls_mpi_div_mpi
                0x000000001000e9f8      0x5a8 CMakeFiles/smart_card_rp2040.dir/Users/vden/.pico-sdk/sdk/2.2.0/lib/mbedtls/library/bignum.c.o
                0x000000001000e9f8                mbedtls_mpi_div_mpi
 .text.mbedtls_mpi_mod_mpi
                0x000000001000efa0       0xf0 CMakeFiles/smart_card_rp2040.dir/Users/vden/.pico-sdk/sdk/2.2.0/lib/mbedtls/library/bignum.c.o
                0x000000001000efa0                mbedtls_mpi_mod_mpi
 .text.mbedtls_mpi_exp_mod_optionally_safe
                0x000000001000f090      0x328 CMakeFiles/smart_card_rp2040.dir/Users/vden/.pico-sdk/sdk/2.2.0/lib/mbedtls/library/bignum.c.o
 .text.mbedtls_mpi_exp_mod
                0x000000001000f3b8       0x14 CMakeFiles/smart_card_rp2040.dir/Users/vden/.pico-sdk/sdk/2.2.0/lib/mbedtls/library/bignum.c.o
                0x000000001000f3b8                mbedtls_mpi_exp_mod
 .text.mbedtls_mpi_exp_mod_unsafe
                0x000000001000f3cc       0x18 CMakeFiles/smart_card_rp2040.dir/Users/vden/.pico-sdk/sdk/2.2.0/lib/mbedtls/library/bignum.c.o
                0x000000001000f3cc                mbedtls_mpi_exp_mod_unsafe
 .text.mbedtls_mpi_gcd
                0x000000001000f3e4      0x22c CMakeFiles/smart_card_rp2040.dir/Users/vden/.pico-sdk/sdk/2.2.0/lib/mbedtls/library/bignum.c.o
                0x000000001000f3e4                mbedtls_mpi_gcd
 .text.mbedtls_mpi_fill_random
                0x000000001000f610       0xb8 CMakeFiles/smart_card_rp2040.dir/Users/vden/.pico-sdk/sdk/2.2.0/lib/mbedtls/library/bignum.c.o
                0x000000001000f610                mbedtls_mpi_fill_random
 .text.mbedtls_mpi_random
                0x000000001000f6c8       0xf0 CMakeFiles/smart_card_rp2040.dir/Users/vden/.pico-sdk/sdk/2.2.0/lib/mbedtls/library/bignum.c.o
                0x000000001000f6c8                mbedtls_mpi_random
 .text.mbedtls_mpi_inv_mod
                0x000000001000f7b8      0x534 CMakeFiles/smart_card_rp2040.dir/Users/vden/.pico-sdk/sdk/2.2.0/lib/mbedtls/library/bignum.c.o
                0x000000001000f7b8                mbedtls_mpi_inv_mod
 .text.mbedtls_ct_memcmp
                0x000000001000fcec       0x78 CMakeFiles/smart_card_rp2040.dir/Users/vden/.pico-sdk/sdk/2.2.0/lib/mbedtls/library/constant_time.c.o
                0x000000001000fcec                mbedtls_ct_memcmp
 .text.mbedtls_ct_memmove_left
                0x000000001000fd64       0x64 CMakeFiles/smart_card_rp2040.dir/Users/vden/.pico-sdk/sdk/2.2.0/lib/mbedtls/library/constant_time.c.o
                0x000000001000fd64                mbedtls_ct_memmove_left
 .text.mbedtls_ct_memcpy_if
                0x000000001000fdc8       0xa0 CMakeFiles/smart_card_rp2040.dir/Users/vden/.pico-sdk/sdk/2.2.0/lib/mbedtls/library/constant_time.c.o
                0x000000001000fdc8                mbedtls_ct_memcpy_if
 .text.mbedtls_ct_zeroize_if
                0x000000001000fe68       0x58 CMakeFiles/smart_card_rp2040.dir/Users/vden/.pico-sdk/sdk/2.2.0/lib/mbedtls/library/constant_time.c.o
                0x000000001000fe68                mbedtls_ct_zeroize_if
 .text.mbedtls_ecdh_compute_shared
                0x000000001000fec0       0x5c CMakeFiles/smart_card_rp2040.dir/Users/vden/.pico-sdk/sdk/2.2.0/lib/mbedtls/library/ecdh.c.o
                0x000000001000fec0                mbedtls_ecdh_compute_shared
 .text.mbedtls_ecdsa_sign_restartable.constprop.2
                0x000000001000ff1c      0x1ec CMakeFiles/smart_card_rp2040.dir/Users/vden/.pico-sdk/sdk/2.2.0/lib/mbedtls/library/ecdsa.c.o
 .text.mbedtls_ecdsa_verify_restartable.constprop.1
                0x0000000010010108      0x188 CMakeFiles/smart_card_rp2040.dir/Users/vden/.pico-sdk/sdk/2.2.0/lib/mbedtls/library/ecdsa.c.o
 .text.mbedtls_ecdsa_sign_det_restartable
                0x0000000010010290      0x100 CMakeFiles/smart_card_rp2040.dir/Users/vden/.pico-sdk/sdk/2.2.0/lib/mbedtls/library/ecdsa.c.o
                0x0000000010010290                mbedtls_ecdsa_sign_det_restartable
 .text.mbedtls_ecdsa_write_signature
                0x0000000010010390       0xd4 CMakeFiles/smart_card_rp2040.dir/Users/vden/.pico-sdk/sdk/2.2.0/lib/mbedtls/library/ecdsa.c.o
                0x0000000010010390                mbedtls_ecdsa_write_signature
 .text.mbedtls_ecdsa_read_signature
                0x0000000010010464       0x98 CMakeFiles/smart_card_rp2040.dir/Users/vden/.pico-sdk/sdk/2.2.0/lib/mbedtls/library/ecdsa.c.o
                0x0000000010010464                mbedtls_ecdsa_read_signature
 .text.mbedtls_mpi_sub_mod
                0x00000000100104fc       0x40 CMakeFiles/smart_card_rp2040.dir/Users/vden/.pico-sdk/sdk/2.2.0/lib/mbedtls/library/ecp.c.o
 .text.mbedtls_mpi_mul_mod
                0x000000001001053c       0xa4 CMakeFiles/smart_card_rp2040.dir/Users/vden/.pico-sdk/sdk/2.2.0/lib/mbedtls/library/ecp.c.o
 .text.mbedtls_mpi_shift_l_mod.constprop.25
                0x00000000100105e0       0x38 CMakeFiles/smart_card_rp2040.dir/Users/vden/.pico-sdk/sdk/2.2.0/lib/mbedtls/library/ecp.c.o
 .text.ecp_select_comb
                0x0000000010010618       0xc8 CMakeFiles/smart_card_rp2040.dir/Users/vden/.pico-sdk/sdk/2.2.0/lib/mbedtls/library/ecp.c.o
 .text.ecp_sw_rhs
                0x00000000100106e0      0x200 CMakeFiles/smart_card_rp2040.dir/Users/vden/.pico-sdk/sdk/2.2.0/lib/mbedtls/library/ecp.c.o
 .text.ecp_normalize_jac
                0x00000000100108e0      0x2f8 CMakeFiles/smart_card_rp2040.dir/Users/vden/.pico-sdk/sdk/2.2.0/lib/mbedtls/library/ecp.c.o
 .text.ecp_normalize_jac_many
                0x0000000010010bd8      0x614 CMakeFiles/smart_card_rp2040.dir/Users/vden/.pico-sdk/sdk/2.2.0/lib/mbedtls/library/ecp.c.o
 .text.ecp_randomize_jac
                0x00000000100111ec      0x3bc CMakeFiles/smart_card_rp2040.dir/Users/vden/.pico-sdk/sdk/2.2.0/lib/mbedtls/library/ecp.c.o
 .text.ecp_double_jac
                0x00000000100115a8      0x8e8 CMakeFiles/smart_card_rp2040.dir/Users/vden/.pico-sdk/sdk/2.2.0/lib/mbedtls/library/ecp.c.o
 .text.ecp_add_mixed
                0x0000000010011e90      0x5fc CMakeFiles/smart_card_rp2040.dir/Users/vden/.pico-sdk/sdk/2.2.0/lib/mbedtls/library/ecp.c.o
 .text.mbedtls_ecp_point_init
                0x000000001001248c       0x1c CMakeFiles/smart_card_rp2040.dir/Users/vden/.pico-sdk/sdk/2.2.0/lib/mbedtls/library/ecp.c.o
                0x000000001001248c                mbedtls_ecp_point_init
 .text.mbedtls_ecp_group_init
                0x00000000100124a8       0x54 CMakeFiles/smart_card_rp2040.dir/Users/vden/.pico-sdk/sdk/2.2.0/lib/mbedtls/library/ecp.c.o
                0x00000000100124a8                mbedtls_ecp_group_init
 .text.mbedtls_ecp_keypair_init
                0x00000000100124fc       0x74 CMakeFiles/smart_card_rp2040.dir/Users/vden/.pico-sdk/sdk/2.2.0/lib/mbedtls/library/ecp.c.o
                0x00000000100124fc                mbedtls_ecp_keypair_init
 .text.mbedtls_ecp_point_free
                0x0000000010012570       0x20 CMakeFiles/smart_card_rp2040.dir/Users/vden/.pico-sdk/sdk/2.2.0/lib/mbedtls/library/ecp.c.o
                0x0000000010012570                mbedtls_ecp_point_free
 .text.mbedtls_ecp_group_free
                0x0000000010012590       0x98 CMakeFiles/smart_card_rp2040.dir/Users/vden/.pico-sdk/sdk/2.2.0/lib/mbedtls/library/ecp.c.o
                0x0000000010012590                mbedtls_ecp_group_free
 .text.mbedtls_ecp_keypair_free
                0x0000000010012628       0x30 CMakeFiles/smart_card_rp2040.dir/Users/vden/.pico-sdk/sdk/2.2.0/lib/mbedtls/library/ecp.c.o
                0x0000000010012628                mbedtls_ecp_keypair_free
 .text.mbedtls_ecp_is_zero
                0x0000000010012658       0x14 CMakeFiles/smart_card_rp2040.dir/Users/vden/.pico-sdk/sdk/2.2.0/lib/mbedtls/library/ecp.c.o
                0x0000000010012658                mbedtls_ecp_is_zero
 .text.mbedtls_ecp_point_write_binary
                0x000000001001266c       0xbc CMakeFiles/smart_card_rp2040.dir/Users/vden/.pico-sdk/sdk/2.2.0/lib/mbedtls/library/ecp.c.o
                0x000000001001266c                mbedtls_ecp_point_write_binary
 .text.mbedtls_ecp_point_read_binary
                0x0000000010012728      0x164 CMakeFiles/smart_card_rp2040.dir/Users/vden/.pico-sdk/sdk/2.2.0/lib/mbedtls/library/ecp.c.o
                0x0000000010012728                mbedtls_ecp_point_read_binary
 .text.mbedtls_ecp_check_pubkey
                0x000000001001288c      0x170 CMakeFiles/smart_card_rp2040.dir/Users/vden/.pico-sdk/sdk/2.2.0/lib/mbedtls/library/ecp.c.o
                0x000000001001288c                mbedtls_ecp_check_pubkey
 .text.ecp_mul_restartable_internal.isra.17
                0x00000000100129fc      0x784 CMakeFiles/smart_card_rp2040.dir/Users/vden/.pico-sdk/sdk/2.2.0/lib/mbedtls/library/ecp.c.o
 .text.mbedtls_ecp_mul_restartable
                0x0000000010013180       0x1c CMakeFiles/smart_card_rp2040.dir/Users/vden/.pico-sdk/sdk/2.2.0/lib/mbedtls/library/ecp.c.o
                0x0000000010013180                mbedtls_ecp_mul_restartable
 .text.mbedtls_ecp_mul
                0x000000001001319c       0x1c CMakeFiles/smart_card_rp2040.dir/Users/vden/.pico-sdk/sdk/2.2.0/lib/mbedtls/library/ecp.c.o
                0x000000001001319c                mbedtls_ecp_mul
 .text.mbedtls_ecp_mul_shortcuts.isra.19
                0x00000000100131b8      0x140 CMakeFiles/smart_card_rp2040.dir/Users/vden/.pico-sdk/sdk/2.2.0/lib/mbedtls/library/ecp.c.o
 .text.mbedtls_ecp_muladd_restartable.part.20
                0x00000000100132f8       0xa4 CMakeFiles/smart_card_rp2040.dir/Users/vden/.pico-sdk/sdk/2.2.0/lib/mbedtls/library/ecp.c.o
 .text.mbedtls_ecp_muladd_restartable
                0x000000001001339c       0x1c CMakeFiles/smart_card_rp2040.dir/Users/vden/.pico-sdk/sdk/2.2.0/lib/mbedtls/library/ecp.c.o
                0x000000001001339c                mbedtls_ecp_muladd_restartable
 .text.mbedtls_ecp_gen_privkey
                0x00000000100133b8       0x3c CMakeFiles/smart_card_rp2040.dir/Users/vden/.pico-sdk/sdk/2.2.0/lib/mbedtls/library/ecp.c.o
                0x00000000100133b8                mbedtls_ecp_gen_privkey
 .text.mbedtls_ecp_gen_key